Component: ARM Compiler 5.06 update 7 (build 960) Tool: armlink [4d3601]

==============================================================================

Section Cross References

    main.o(i.assert_nrf_callback) refers to app_error_handler_keil.o(.emb_text) for app_error_handler
    main.o(i.ble_evt_handler) refers to nrf_log_frontend.o(i.nrf_log_frontend_std_0) for nrf_log_frontend_std_0
    main.o(i.ble_evt_handler) refers to bsp.o(i.bsp_indication_set) for bsp_indication_set
    main.o(i.ble_evt_handler) refers to app_error.o(i.app_error_handler_bare) for app_error_handler_bare
    main.o(i.ble_evt_handler) refers to nrf_ble_qwr.o(i.nrf_ble_qwr_conn_handle_assign) for nrf_ble_qwr_conn_handle_assign
    main.o(i.ble_evt_handler) refers to main.o(.data) for .data
    main.o(i.ble_evt_handler) refers to nrf_log_frontend.o(log_const_data) for m_nrf_log_app_logs_data_const
    main.o(i.ble_evt_handler) refers to main.o(.bss) for .bss
    main.o(i.bsp_event_handler) refers to main.o(i.sleep_mode_enter) for sleep_mode_enter
    main.o(i.bsp_event_handler) refers to app_error.o(i.app_error_handler_bare) for app_error_handler_bare
    main.o(i.bsp_event_handler) refers to ble_advertising.o(i.ble_advertising_restart_without_whitelist) for ble_advertising_restart_without_whitelist
    main.o(i.bsp_event_handler) refers to main.o(.data) for .data
    main.o(i.bsp_event_handler) refers to main.o(.bss) for .bss
    main.o(i.conn_params_error_handler) refers to app_error.o(i.app_error_handler_bare) for app_error_handler_bare
    main.o(i.gatt_evt_handler) refers to nrf_log_frontend.o(i.nrf_log_frontend_std_2) for nrf_log_frontend_std_2
    main.o(i.gatt_evt_handler) refers to main.o(.data) for .data
    main.o(i.gatt_evt_handler) refers to nrf_log_frontend.o(log_const_data) for m_nrf_log_app_logs_data_const
    main.o(i.gatt_init) refers to nrf_ble_gatt.o(i.nrf_ble_gatt_init) for nrf_ble_gatt_init
    main.o(i.gatt_init) refers to app_error.o(i.app_error_handler_bare) for app_error_handler_bare
    main.o(i.gatt_init) refers to nrf_ble_gatt.o(i.nrf_ble_gatt_att_mtu_periph_set) for nrf_ble_gatt_att_mtu_periph_set
    main.o(i.gatt_init) refers to main.o(i.gatt_evt_handler) for gatt_evt_handler
    main.o(i.gatt_init) refers to main.o(.bss) for .bss
    main.o(i.main) refers to memcpya.o(.text) for __aeabi_memcpy4
    main.o(i.main) refers to app_uart_fifo.o(i.app_uart_init) for app_uart_init
    main.o(i.main) refers to app_error.o(i.app_error_handler_bare) for app_error_handler_bare
    main.o(i.main) refers to nrf_log_frontend.o(i.nrf_log_init) for nrf_log_init
    main.o(i.main) refers to nrf_log_default_backends.o(i.nrf_log_default_backends_init) for nrf_log_default_backends_init
    main.o(i.main) refers to app_timer2.o(i.app_timer_init) for app_timer_init
    main.o(i.main) refers to bsp.o(i.bsp_init) for bsp_init
    main.o(i.main) refers to bsp_btn_ble.o(i.bsp_btn_ble_init) for bsp_btn_ble_init
    main.o(i.main) refers to nrf_pwr_mgmt.o(i.nrf_pwr_mgmt_init) for nrf_pwr_mgmt_init
    main.o(i.main) refers to nrf_sdh.o(i.nrf_sdh_enable_request) for nrf_sdh_enable_request
    main.o(i.main) refers to nrf_sdh_ble.o(i.nrf_sdh_ble_default_cfg_set) for nrf_sdh_ble_default_cfg_set
    main.o(i.main) refers to nrf_sdh_ble.o(i.nrf_sdh_ble_enable) for nrf_sdh_ble_enable
    main.o(i.main) refers to main.o(i.gatt_init) for gatt_init
    main.o(i.main) refers to nrf_ble_qwr.o(i.nrf_ble_qwr_init) for nrf_ble_qwr_init
    main.o(i.main) refers to ble_nus.o(i.ble_nus_init) for ble_nus_init
    main.o(i.main) refers to memseta.o(.text) for __aeabi_memclr4
    main.o(i.main) refers to ble_advertising.o(i.ble_advertising_init) for ble_advertising_init
    main.o(i.main) refers to ble_advertising.o(i.ble_advertising_conn_cfg_tag_set) for ble_advertising_conn_cfg_tag_set
    main.o(i.main) refers to ble_conn_params.o(i.ble_conn_params_init) for ble_conn_params_init
    main.o(i.main) refers to main.o(i.saadc_sampling_event_init) for saadc_sampling_event_init
    main.o(i.main) refers to main.o(i.saadc_init) for saadc_init
    main.o(i.main) refers to main.o(i.saadc_sampling_event_enable) for saadc_sampling_event_enable
    main.o(i.main) refers to printf1.o(i.__0printf$1) for __2printf
    main.o(i.main) refers to nrf_log_frontend.o(i.nrf_log_frontend_std_0) for nrf_log_frontend_std_0
    main.o(i.main) refers to ble_advertising.o(i.ble_advertising_start) for ble_advertising_start
    main.o(i.main) refers to nrf_log_frontend.o(i.nrf_log_frontend_dequeue) for nrf_log_frontend_dequeue
    main.o(i.main) refers to nrf_pwr_mgmt.o(i.nrf_pwr_mgmt_run) for nrf_pwr_mgmt_run
    main.o(i.main) refers to main.o(.constdata) for .constdata
    main.o(i.main) refers to main.o(.bss) for .bss
    main.o(i.main) refers to main.o(i.uart_event_handle) for uart_event_handle
    main.o(i.main) refers to main.o(i.bsp_event_handler) for bsp_event_handler
    main.o(i.main) refers to main.o(i.nrf_qwr_error_handler) for nrf_qwr_error_handler
[...]
    _ll_shift_l                              0x0002644b   Thumb Code     0  llshl.o(.text)
    __aeabi_llsr                             0x00026469   Thumb Code    32  llushr.o(.text)
    _ll_ushift_r                             0x00026469   Thumb Code     0  llushr.o(.text)
    __rt_ctype_table                         0x00026489   Thumb Code     4  ctype_o.o(.text)
    __aeabi_memcpy                           0x00026491   Thumb Code    36  memcpya.o(.text)
    __aeabi_memcpy4                          0x00026491   Thumb Code     0  memcpya.o(.text)
    __aeabi_memcpy8                          0x00026491   Thumb Code     0  memcpya.o(.text)
    __aeabi_memset                           0x000264b5   Thumb Code    14  memseta.o(.text)
    __aeabi_memset4                          0x000264b5   Thumb Code     0  memseta.o(.text)
    __aeabi_memset8                          0x000264b5   Thumb Code     0  memseta.o(.text)
    __aeabi_memclr                           0x000264c3   Thumb Code     4  memseta.o(.text)
    __aeabi_memclr4                          0x000264c3   Thumb Code     0  memseta.o(.text)
    __aeabi_memclr8                          0x000264c3   Thumb Code     0  memseta.o(.text)
    _memset$wrapper                          0x000264c7   Thumb Code    18  memseta.o(.text)
    strlen                                   0x000264d9   Thumb Code    14  strlen.o(.text)
    strcpy                                   0x000264e7   Thumb Code    18  strcpy.o(.text)
    __aeabi_uidiv                            0x000264f9   Thumb Code     0  uidiv.o(.text)
    __aeabi_uidivmod                         0x000264f9   Thumb Code    44  uidiv.o(.text)
    __scatterload                            0x00026525   Thumb Code    28  init.o(.text)
    __scatterload_rt2                        0x00026525   Thumb Code     0  init.o(.text)
    __decompress                             0x00026549   Thumb Code     0  __dczerorl2.o(.text)
    __decompress1                            0x00026549   Thumb Code    86  __dczerorl2.o(.text)
    GPIOTE_IRQHandler                        0x000265a1   Thumb Code   154  nrfx_gpiote.o(i.GPIOTE_IRQHandler)
    POWER_CLOCK_IRQHandler                   0x00026645   Thumb Code    82  nrfx_clock.o(i.POWER_CLOCK_IRQHandler)
    RTC1_IRQHandler                          0x0002669d   Thumb Code    12  drv_rtc.o(i.RTC1_IRQHandler)
    SAADC_IRQHandler                         0x000266ad   Thumb Code   320  nrfx_saadc.o(i.SAADC_IRQHandler)
    SEGGER_RTT_Init                          0x000267f5   Thumb Code     4  segger_rtt.o(i.SEGGER_RTT_Init)
    SEGGER_RTT_WriteNoLock                   0x000267f9   Thumb Code    86  segger_rtt.o(i.SEGGER_RTT_WriteNoLock)
    SWI2_EGU2_IRQHandler                     0x00026855   Thumb Code     4  nrf_sdh.o(i.SWI2_EGU2_IRQHandler)
    SystemInit                               0x00026859   Thumb Code   660  system_nrf52.o(i.SystemInit)
    TIMER3_IRQHandler                        0x00026b31   Thumb Code    70  nrfx_timer.o(i.TIMER3_IRQHandler)
    UARTE0_UART0_IRQHandler                  0x00026b81   Thumb Code     6  nrfx_prs.o(i.UARTE0_UART0_IRQHandler)
    __0printf$1                              0x00026ca9   Thumb Code    22  printf1.o(i.__0printf$1)
    __1printf$1                              0x00026ca9   Thumb Code     0  printf1.o(i.__0printf$1)
    __2printf                                0x00026ca9   Thumb Code     0  printf1.o(i.__0printf$1)
    __scatterload_copy                       0x00026cc9   Thumb Code    14  handlers.o(i.__scatterload_copy)
    __scatterload_null                       0x00026cd7   Thumb Code     2  handlers.o(i.__scatterload_null)
    __scatterload_zeroinit                   0x00026cd9   Thumb Code    14  handlers.o(i.__scatterload_zeroinit)
    app_button_enable                        0x00026ead   Thumb Code    32  app_button.o(i.app_button_enable)
    app_button_init                          0x00026ed1   Thumb Code   106  app_button.o(i.app_button_init)
    app_error_fault_handler                  0x00026f51   Thumb Code    86  app_error_weak.o(i.app_error_fault_handler)
    app_error_handler_bare                   0x00026fd5   Thumb Code    22  app_error.o(i.app_error_handler_bare)
    app_fifo_get                             0x00026feb   Thumb Code    22  app_fifo.o(i.app_fifo_get)
    app_fifo_init                            0x00027001   Thumb Code    32  app_fifo.o(i.app_fifo_init)
    app_fifo_put                             0x00027021   Thumb Code    26  app_fifo.o(i.app_fifo_put)
    app_timer_cnt_get                        0x0002703d   Thumb Code     6  app_timer2.o(i.app_timer_cnt_get)
    app_timer_create                         0x00027049   Thumb Code    32  app_timer2.o(i.app_timer_create)
    app_timer_init                           0x00027069   Thumb Code    70  app_timer2.o(i.app_timer_init)
    app_timer_start                          0x000270c5   Thumb Code    84  app_timer2.o(i.app_timer_start)
    app_timer_stop                           0x00027119   Thumb Code    68  app_timer2.o(i.app_timer_stop)
    app_uart_get                             0x0002715d   Thumb Code    42  app_uart_fifo.o(i.app_uart_get)
    app_uart_init                            0x00027191   Thumb Code   148  app_uart_fifo.o(i.app_uart_init)
    app_uart_put                             0x00027235   Thumb Code    70  app_uart_fifo.o(i.app_uart_put)
    app_util_critical_region_enter           0x00027289   Thumb Code    64  app_util_platform.o(i.app_util_critical_region_enter)
    app_util_critical_region_exit            0x000272d1   Thumb Code    46  app_util_platform.o(i.app_util_critical_region_exit)
    blcm_link_ctx_get                        0x00027421   Thumb Code    72  ble_link_ctx_manager.o(i.blcm_link_ctx_get)
    ble_advdata_encode                       0x00027469   Thumb Code   386  ble_advdata.o(i.ble_advdata_encode)
    ble_advdata_parse                        0x000275eb   Thumb Code    32  ble_advdata.o(i.ble_advdata_parse)
    ble_advdata_search                       0x0002760b   Thumb Code    70  ble_advdata.o(i.ble_advdata_search)
    ble_advertising_conn_cfg_tag_set         0x00027651   Thumb Code     6  ble_advertising.o(i.ble_advertising_conn_cfg_tag_set)
    ble_advertising_init                     0x00027657   Thumb Code   248  ble_advertising.o(i.ble_advertising_init)
    ble_advertising_on_ble_evt               0x0002774f   Thumb Code   106  ble_advertising.o(i.ble_advertising_on_ble_evt)
    ble_advertising_restart_without_whitelist 0x000277b9   Thumb Code    58  ble_advertising.o(i.ble_advertising_restart_without_whitelist)
    ble_advertising_start                    0x000277f3   Thumb Code   560  ble_advertising.o(i.ble_advertising_start)
    ble_conn_params_init                     0x00027a25   Thumb Code    90  ble_conn_params.o(i.ble_conn_params_init)
    ble_conn_state_conn_idx                  0x00027a8d   Thumb Code    18  ble_conn_state.o(i.ble_conn_state_conn_idx)
    ble_conn_state_valid                     0x00027aa1   Thumb Code    16  ble_conn_state.o(i.ble_conn_state_valid)
    ble_nus_data_send                        0x00027e75   Thumb Code   102  ble_nus.o(i.ble_nus_data_send)
    ble_nus_init                             0x00027edd   Thumb Code   206  ble_nus.o(i.ble_nus_init)
    ble_nus_on_ble_evt                       0x00027fb1   Thumb Code   120  ble_nus.o(i.ble_nus_on_ble_evt)
    ble_srv_is_notification_enabled          0x00028029   Thumb Code     8  ble_srv_common.o(i.ble_srv_is_notification_enabled)
    bsp_board_button_idx_to_pin              0x00028031   Thumb Code     6  boards.o(i.bsp_board_button_idx_to_pin)
    bsp_board_button_state_get               0x0002803d   Thumb Code    28  boards.o(i.bsp_board_button_state_get)
    bsp_board_init                           0x0002805d   Thumb Code    80  boards.o(i.bsp_board_init)
    bsp_board_led_invert                     0x000280b1   Thumb Code    32  boards.o(i.bsp_board_led_invert)
    bsp_board_led_off                        0x000280d5   Thumb Code    10  boards.o(i.bsp_board_led_off)
    bsp_board_led_on                         0x000280e5   Thumb Code    10  boards.o(i.bsp_board_led_on)
    bsp_board_led_state_get                  0x000280f5   Thumb Code    28  boards.o(i.bsp_board_led_state_get)
    bsp_board_leds_off                       0x00028115   Thumb Code    18  boards.o(i.bsp_board_leds_off)
    bsp_board_leds_on                        0x00028127   Thumb Code    18  boards.o(i.bsp_board_leds_on)
    bsp_board_pin_to_button_idx              0x00028139   Thumb Code    30  boards.o(i.bsp_board_pin_to_button_idx)
    bsp_btn_ble_init                         0x0002815d   Thumb Code    52  bsp_btn_ble.o(i.bsp_btn_ble_init)
    bsp_btn_ble_sleep_mode_prepare           0x00028195   Thumb Code    30  bsp_btn_ble.o(i.bsp_btn_ble_sleep_mode_prepare)
    bsp_button_is_pressed                    0x00028245   Thumb Code    12  bsp.o(i.bsp_button_is_pressed)
    bsp_event_handler                        0x00028251   Thumb Code    66  main.o(i.bsp_event_handler)
    bsp_event_to_button_action_assign        0x0002829d   Thumb Code    64  bsp.o(i.bsp_event_to_button_action_assign)
    bsp_indication_set                       0x000282e1   Thumb Code    20  bsp.o(i.bsp_indication_set)
    bsp_init                                 0x000282f9   Thumb Code   128  bsp.o(i.bsp_init)
    bsp_wakeup_button_enable                 0x00028555   Thumb Code     6  bsp.o(i.bsp_wakeup_button_enable)
    buffer_is_empty                          0x00028611   Thumb Code    18  nrf_log_frontend.o(i.buffer_is_empty)
    characteristic_add                       0x000286cd   Thumb Code   400  ble_srv_common.o(i.characteristic_add)
    conn_handle_list_get                     0x000288b9   Thumb Code    62  ble_conn_state.o(i.conn_handle_list_get)
    drv_rtc_compare_disable                  0x00028ae9   Thumb Code    20  drv_rtc.o(i.drv_rtc_compare_disable)
    drv_rtc_compare_pending                  0x00028afd   Thumb Code    14  drv_rtc.o(i.drv_rtc_compare_pending)
    drv_rtc_compare_set                      0x00028b0b   Thumb Code    80  drv_rtc.o(i.drv_rtc_compare_set)
    drv_rtc_counter_get                      0x00028b5b   Thumb Code     8  drv_rtc.o(i.drv_rtc_counter_get)
    drv_rtc_init                             0x00028b65   Thumb Code   148  drv_rtc.o(i.drv_rtc_init)
    drv_rtc_irq_trigger                      0x00028c3d   Thumb Code    30  drv_rtc.o(i.drv_rtc_irq_trigger)
    drv_rtc_overflow_enable                  0x00028c5b   Thumb Code     8  drv_rtc.o(i.drv_rtc_overflow_enable)
    drv_rtc_overflow_pending                 0x00028c63   Thumb Code     8  drv_rtc.o(i.drv_rtc_overflow_pending)
    drv_rtc_start                            0x00028c6b   Thumb Code     8  drv_rtc.o(i.drv_rtc_start)
    drv_rtc_stop                             0x00028c73   Thumb Code     8  drv_rtc.o(i.drv_rtc_stop)
    drv_rtc_windowed_compare_set             0x00028c7b   Thumb Code   222  drv_rtc.o(i.drv_rtc_windowed_compare_set)
    evt_handle                               0x00028d6d   Thumb Code   216  app_button.o(i.evt_handle)
    fputc                                    0x00028eb9   Thumb Code    14  retarget.o(i.fputc)
    gatt_evt_handler                         0x00028ec9   Thumb Code    52  main.o(i.gatt_evt_handler)
    gatt_init                                0x00028f25   Thumb Code    38  main.o(i.gatt_init)
    log_pending_hook                         0x0002920d   Thumb Code     2  nrf_log_frontend.o(i.log_pending_hook)
    main                                     0x000292b5   Thumb Code   464  main.o(i.main)
    nrf_atfifo_init                          0x000296c3   Thumb Code    38  nrf_atfifo.o(i.nrf_atfifo_init)
    nrf_atfifo_item_alloc                    0x000296e9   Thumb Code    22  nrf_atfifo.o(i.nrf_atfifo_item_alloc)
    nrf_atfifo_item_free                     0x000296ff   Thumb Code    22  nrf_atfifo.o(i.nrf_atfifo_item_free)
    nrf_atfifo_item_get                      0x00029715   Thumb Code    22  nrf_atfifo.o(i.nrf_atfifo_item_get)
    nrf_atfifo_item_put                      0x0002972b   Thumb Code    22  nrf_atfifo.o(i.nrf_atfifo_item_put)
    nrf_atflags_clear                        0x00029741   Thumb Code    22  nrf_atflags.o(i.nrf_atflags_clear)
    nrf_atflags_get                          0x00029757   Thumb Code    22  nrf_atflags.o(i.nrf_atflags_get)
    nrf_atflags_set                          0x0002976d   Thumb Code    20  nrf_atflags.o(i.nrf_atflags_set)
    nrf_atomic_flag_clear_fetch              0x00029781   Thumb Code     6  nrf_atomic.o(i.nrf_atomic_flag_clear_fetch)
    nrf_atomic_flag_set                      0x00029787   Thumb Code     6  nrf_atomic.o(i.nrf_atomic_flag_set)
    nrf_atomic_u32_add                       0x0002978d   Thumb Code    12  nrf_atomic.o(i.nrf_atomic_u32_add)
    nrf_atomic_u32_and                       0x00029799   Thumb Code    12  nrf_atomic.o(i.nrf_atomic_u32_and)
    nrf_atomic_u32_fetch_and                 0x000297a5   Thumb Code    10  nrf_atomic.o(i.nrf_atomic_u32_fetch_and)
    nrf_atomic_u32_fetch_store               0x000297af   Thumb Code    10  nrf_atomic.o(i.nrf_atomic_u32_fetch_store)
    nrf_atomic_u32_or                        0x000297b9   Thumb Code    12  nrf_atomic.o(i.nrf_atomic_u32_or)
    nrf_atomic_u32_sub                       0x000297c5   Thumb Code    12  nrf_atomic.o(i.nrf_atomic_u32_sub)
    nrf_balloc_alloc                         0x000297d1   Thumb Code    68  nrf_balloc.o(i.nrf_balloc_alloc)
    nrf_balloc_free                          0x00029815   Thumb Code    48  nrf_balloc.o(i.nrf_balloc_free)
    nrf_balloc_init                          0x00029845   Thumb Code    48  nrf_balloc.o(i.nrf_balloc_init)
    nrf_ble_gatt_att_mtu_periph_set          0x00029885   Thumb Code    24  nrf_ble_gatt.o(i.nrf_ble_gatt_att_mtu_periph_set)
    nrf_ble_gatt_init                        0x0002989d   Thumb Code    34  nrf_ble_gatt.o(i.nrf_ble_gatt_init)
    nrf_ble_gatt_on_ble_evt                  0x000298c1   Thumb Code   302  nrf_ble_gatt.o(i.nrf_ble_gatt_on_ble_evt)
    nrf_ble_qwr_conn_handle_assign           0x00029a31   Thumb Code    22  nrf_ble_qwr.o(i.nrf_ble_qwr_conn_handle_assign)
    nrf_ble_qwr_init                         0x00029a47   Thumb Code    36  nrf_ble_qwr.o(i.nrf_ble_qwr_init)
    nrf_ble_qwr_on_ble_evt                   0x00029a6b   Thumb Code   182  nrf_ble_qwr.o(i.nrf_ble_qwr_on_ble_evt)
    nrf_drv_clock_init                       0x00029b41   Thumb Code    56  nrf_drv_clock.o(i.nrf_drv_clock_init)
    nrf_drv_clock_lfclk_release              0x00029b81   Thumb Code    48  nrf_drv_clock.o(i.nrf_drv_clock_lfclk_release)
    nrf_drv_ppi_init                         0x00029bb5   Thumb Code    18  nrf_drv_ppi.o(i.nrf_drv_ppi_init)
    nrf_drv_uart_init                        0x00029bcd   Thumb Code    90  nrf_drv_uart.o(i.nrf_drv_uart_init)
    nrf_fprintf                              0x00029c75   Thumb Code    26  nrf_fprintf.o(i.nrf_fprintf)
    nrf_fprintf_buffer_flush                 0x00029c8f   Thumb Code    24  nrf_fprintf.o(i.nrf_fprintf_buffer_flush)
    nrf_fprintf_fmt                          0x00029ca7   Thumb Code   474  nrf_fprintf_format.o(i.nrf_fprintf_fmt)
    nrf_log_backend_add                      0x0002a005   Thumb Code    86  nrf_log_frontend.o(i.nrf_log_backend_add)
    nrf_log_backend_rtt_init                 0x0002a063   Thumb Code     4  nrf_log_backend_rtt.o(i.nrf_log_backend_rtt_init)
    nrf_log_backend_serial_put               0x0002a081   Thumb Code   194  nrf_log_backend_serial.o(i.nrf_log_backend_serial_put)
    nrf_log_color_id_get                     0x0002a145   Thumb Code    42  nrf_log_frontend.o(i.nrf_log_color_id_get)
    nrf_log_default_backends_init            0x0002a175   Thumb Code    24  nrf_log_default_backends.o(i.nrf_log_default_backends_init)
    nrf_log_frontend_dequeue                 0x0002a191   Thumb Code   524  nrf_log_frontend.o(i.nrf_log_frontend_dequeue)
    nrf_log_frontend_std_0                   0x0002a3c5   Thumb Code     8  nrf_log_frontend.o(i.nrf_log_frontend_std_0)
    nrf_log_frontend_std_1                   0x0002a3cd   Thumb Code    14  nrf_log_frontend.o(i.nrf_log_frontend_std_1)
    nrf_log_frontend_std_2                   0x0002a3db   Thumb Code    16  nrf_log_frontend.o(i.nrf_log_frontend_std_2)
    nrf_log_hexdump_entry_process            0x0002a3ed   Thumb Code   150  nrf_log_str_formatter.o(i.nrf_log_hexdump_entry_process)
    nrf_log_init                             0x0002a49d   Thumb Code    28  nrf_log_frontend.o(i.nrf_log_init)
    nrf_log_module_cnt_get                   0x0002a4c5   Thumb Code    10  nrf_log_frontend.o(i.nrf_log_module_cnt_get)
    nrf_log_module_name_get                  0x0002a4d9   Thumb Code    24  nrf_log_frontend.o(i.nrf_log_module_name_get)
    nrf_log_panic                            0x0002a4f5   Thumb Code    36  nrf_log_frontend.o(i.nrf_log_panic)
    nrf_log_std_entry_process                0x0002a51d   Thumb Code   182  nrf_log_str_formatter.o(i.nrf_log_std_entry_process)
    nrf_memobj_alloc                         0x0002a5d3   Thumb Code    96  nrf_memobj.o(i.nrf_memobj_alloc)
    nrf_memobj_free                          0x0002a633   Thumb Code    50  nrf_memobj.o(i.nrf_memobj_free)
    nrf_memobj_get                           0x0002a665   Thumb Code     8  nrf_memobj.o(i.nrf_memobj_get)
    nrf_memobj_pool_init                     0x0002a66d   Thumb Code     4  nrf_memobj.o(i.nrf_memobj_pool_init)
    nrf_memobj_put                           0x0002a671   Thumb Code    30  nrf_memobj.o(i.nrf_memobj_put)
    nrf_memobj_read                          0x0002a68f   Thumb Code    16  nrf_memobj.o(i.nrf_memobj_read)
    nrf_memobj_write                         0x0002a69f   Thumb Code    16  nrf_memobj.o(i.nrf_memobj_write)
    nrf_pwr_mgmt_init                        0x0002a6b1   Thumb Code    28  nrf_pwr_mgmt.o(i.nrf_pwr_mgmt_init)
    nrf_pwr_mgmt_run                         0x0002a6d9   Thumb Code    64  nrf_pwr_mgmt.o(i.nrf_pwr_mgmt_run)
    nrf_ringbuf_init                         0x0002a721   Thumb Code    28  nrf_ringbuf.o(i.nrf_ringbuf_init)
    nrf_sdh_ble_app_ram_start_get            0x0002a791   Thumb Code    16  nrf_sdh_ble.o(i.nrf_sdh_ble_app_ram_start_get)
    nrf_sdh_ble_default_cfg_set              0x0002a7a5   Thumb Code   272  nrf_sdh_ble.o(i.nrf_sdh_ble_default_cfg_set)
    nrf_sdh_ble_enable                       0x0002a8d5   Thumb Code   116  nrf_sdh_ble.o(i.nrf_sdh_ble_enable)
    nrf_sdh_enable_request                   0x0002aa65   Thumb Code   102  nrf_sdh.o(i.nrf_sdh_enable_request)
    nrf_sdh_evts_poll                        0x0002aad9   Thumb Code    32  nrf_sdh.o(i.nrf_sdh_evts_poll)
    nrf_sdh_is_enabled                       0x0002aafd   Thumb Code     6  nrf_sdh.o(i.nrf_sdh_is_enabled)
    nrf_section_iter_init                    0x0002ab45   Thumb Code    10  nrf_section_iter.o(i.nrf_section_iter_init)
    nrf_section_iter_next                    0x0002ab73   Thumb Code    32  nrf_section_iter.o(i.nrf_section_iter_next)
    nrf_sortlist_add                         0x0002ab93   Thumb Code    34  nrf_sortlist.o(i.nrf_sortlist_add)
    nrf_sortlist_peek                        0x0002abb5   Thumb Code     6  nrf_sortlist.o(i.nrf_sortlist_peek)
    nrf_sortlist_pop                         0x0002abbb   Thumb Code    14  nrf_sortlist.o(i.nrf_sortlist_pop)
    nrf_sortlist_remove                      0x0002abc9   Thumb Code    30  nrf_sortlist.o(i.nrf_sortlist_remove)
    nrf_strerror_find                        0x0002abe9   Thumb Code    52  nrf_strerror.o(i.nrf_strerror_find)
    nrf_strerror_get                         0x0002ac21   Thumb Code    14  nrf_strerror.o(i.nrf_strerror_get)
    nrfx_clock_enable                        0x0002ac89   Thumb Code    34  nrfx_clock.o(i.nrfx_clock_enable)
    nrfx_clock_init                          0x0002acb5   Thumb Code    26  nrfx_clock.o(i.nrfx_clock_init)
    nrfx_clock_lfclk_stop                    0x0002acd5   Thumb Code    38  nrfx_clock.o(i.nrfx_clock_lfclk_stop)
    nrfx_gpiote_in_event_enable              0x0002ad15   Thumb Code   152  nrfx_gpiote.o(i.nrfx_gpiote_in_event_enable)
    nrfx_gpiote_in_init                      0x0002adb5   Thumb Code   190  nrfx_gpiote.o(i.nrfx_gpiote_in_init)
    nrfx_gpiote_in_is_set                    0x0002ae81   Thumb Code    20  nrfx_gpiote.o(i.nrfx_gpiote_in_is_set)
    nrfx_gpiote_init                         0x0002ae95   Thumb Code   102  nrfx_gpiote.o(i.nrfx_gpiote_init)
    nrfx_gpiote_is_init                      0x0002af09   Thumb Code    14  nrfx_gpiote.o(i.nrfx_gpiote_is_init)
    nrfx_ppi_channel_alloc                   0x0002af2d   Thumb Code   100  nrfx_ppi.o(i.nrfx_ppi_channel_alloc)
    nrfx_ppi_channel_assign                  0x0002af99   Thumb Code    62  nrfx_ppi.o(i.nrfx_ppi_channel_assign)
    nrfx_ppi_channel_enable                  0x0002afdd   Thumb Code    48  nrfx_ppi.o(i.nrfx_ppi_channel_enable)
    nrfx_prs_acquire                         0x0002b011   Thumb Code    58  nrfx_prs.o(i.nrfx_prs_acquire)
    nrfx_saadc_buffer_convert                0x0002b04d   Thumb Code   154  nrfx_saadc.o(i.nrfx_saadc_buffer_convert)
    nrfx_saadc_channel_init                  0x0002b0f1   Thumb Code   160  nrfx_saadc.o(i.nrfx_saadc_channel_init)
    nrfx_saadc_init                          0x0002b19d   Thumb Code   130  nrfx_saadc.o(i.nrfx_saadc_init)
    nrfx_saadc_sample_task_get               0x0002b231   Thumb Code    20  nrfx_saadc.o(i.nrfx_saadc_sample_task_get)
    nrfx_timer_compare                       0x0002b24d   Thumb Code    58  nrfx_timer.o(i.nrfx_timer_compare)
    nrfx_timer_enable                        0x0002b289   Thumb Code    24  nrfx_timer.o(i.nrfx_timer_enable)
    nrfx_timer_extended_compare              0x0002b2a5   Thumb Code    42  nrfx_timer.o(i.nrfx_timer_extended_compare)
    nrfx_timer_init                          0x0002b2d1   Thumb Code   188  nrfx_timer.o(i.nrfx_timer_init)
    nrfx_uart_0_irq_handler                  0x0002b391   Thumb Code     8  nrfx_uart.o(i.nrfx_uart_0_irq_handler)
    nrfx_uart_init                           0x0002b3a1   Thumb Code   200  nrfx_uart.o(i.nrfx_uart_init)
    nrfx_uart_rx                             0x0002b475   Thumb Code   230  nrfx_uart.o(i.nrfx_uart_rx)
    nrfx_uart_tx                             0x0002b561   Thumb Code   162  nrfx_uart.o(i.nrfx_uart_tx)
    nrfx_uart_tx_in_progress                 0x0002b609   Thumb Code    26  nrfx_uart.o(i.nrfx_uart_tx_in_progress)
    nrfx_uarte_0_irq_handler                 0x0002b629   Thumb Code     8  nrfx_uarte.o(i.nrfx_uarte_0_irq_handler)
    nrfx_uarte_init                          0x0002b639   Thumb Code   100  nrfx_uarte.o(i.nrfx_uarte_init)
    nrfx_uarte_rx                            0x0002b6a5   Thumb Code   256  nrfx_uarte.o(i.nrfx_uarte_rx)
    nrfx_uarte_tx                            0x0002b7a9   Thumb Code   166  nrfx_uarte.o(i.nrfx_uarte_tx)
    nrfx_uarte_tx_in_progress                0x0002b855   Thumb Code    22  nrfx_uarte.o(i.nrfx_uarte_tx_in_progress)
    nvmc_config                              0x0002b909   Thumb Code    14  system_nrf52.o(i.nvmc_config)
    saadc_callback                           0x0002bee1   Thumb Code    98  main.o(i.saadc_callback)
    saadc_init                               0x0002bf5d   Thumb Code    74  main.o(i.saadc_init)
    saadc_sampling_event_enable              0x0002bfb5   Thumb Code    24  main.o(i.saadc_sampling_event_enable)
    saadc_sampling_event_init                0x0002bfd1   Thumb Code   136  main.o(i.saadc_sampling_event_init)
    timer_handler                            0x0002c439   Thumb Code     2  main.o(i.timer_handler)
    uart_event_handle                        0x0002c561   Thumb Code   112  main.o(i.uart_event_handle)
    nrf_log_backend_rtt_api                  0x0002cdf8   Data          12  nrf_log_backend_rtt.o(.constdata)
    m_ram_start                              0x0002ce9c   Data           4  nrf_sdh_ble.o(.constdata)
    __ctype_table                            0x0002cec8   Data         129  ctype_o.o(.constdata)
    Region$$Table$$Base                      0x0002d6d4   Number         0  anon$$obj.o(Region$$Table)
    Region$$Table$$Limit                     0x0002d6f4   Number         0  anon$$obj.o(Region$$Table)
    log_const_data$$Base                     0x0002d704   Number         0  nrf_ble_gatt.o(log_const_data)
    m_nrf_log_nrf_ble_gatt_logs_data_const   0x0002d704   Data           8  nrf_ble_gatt.o(log_const_data)
    m_nrf_log_ble_nus_logs_data_const        0x0002d70c   Data           8  ble_nus.o(log_const_data)
    m_nrf_log_clock_logs_data_const          0x0002d714   Data           8  nrf_drv_clock.o(log_const_data)
    m_nrf_log_CLOCK_logs_data_const          0x0002d71c   Data           8  nrfx_clock.o(log_const_data)
    m_nrf_log_GPIOTE_logs_data_const         0x0002d724   Data           8  nrfx_gpiote.o(log_const_data)
    m_nrf_log_PRS_logs_data_const            0x0002d72c   Data           8  nrfx_prs.o(log_const_data)
    m_nrf_log_UART_logs_data_const           0x0002d734   Data           8  nrfx_uart.o(log_const_data)
    m_nrf_log_UARTE_logs_data_const          0x0002d73c   Data           8  nrfx_uarte.o(log_const_data)
    m_nrf_log_PPI_logs_data_const            0x0002d744   Data           8  nrfx_ppi.o(log_const_data)
    m_nrf_log_SAADC_logs_data_const          0x0002d74c   Data           8  nrfx_saadc.o(log_const_data)
    m_nrf_log_TIMER_logs_data_const          0x0002d754   Data           8  nrfx_timer.o(log_const_data)
    m_nrf_log_app_button_logs_data_const     0x0002d75c   Data           8  app_button.o(log_const_data)
    m_nrf_log_app_timer_logs_data_const      0x0002d764   Data           8  app_timer2.o(log_const_data)
    m_nrf_log_pwr_mgmt_logs_data_const       0x0002d76c   Data           8  nrf_pwr_mgmt.o(log_const_data)
    m_nrf_log_sortlist_logs_data_const       0x0002d774   Data           8  nrf_sortlist.o(log_const_data)
    m_nrf_log_app_logs_data_const            0x0002d77c   Data           8  nrf_log_frontend.o(log_const_data)
    m_nrf_log_nrf_sdh_logs_data_const        0x0002d784   Data           8  nrf_sdh.o(log_const_data)
    m_nrf_log_nrf_sdh_ble_logs_data_const    0x0002d78c   Data           8  nrf_sdh_ble.o(log_const_data)
    m_nrf_log_nrf_sdh_soc_logs_data_const    0x0002d794   Data           8  nrf_sdh_soc.o(log_const_data)
    log_const_data$$Limit                    0x0002d79c   Number         0  nrf_sdh_soc.o(log_const_data)
    log_mempool                              0x0002d79c   Data          20  nrf_log_frontend.o(nrf_balloc)
    sdh_ble_observers0$$Base                 0x0002d7b0   Number         0  ble_conn_state.o(sdh_ble_observers0)
    sdh_ble_observers0$$Limit                0x0002d7b8   Number         0  ble_conn_state.o(sdh_ble_observers0)
    sdh_ble_observers1$$Base                 0x0002d7b8   Number         0  main.o(sdh_ble_observers1)
    sdh_ble_observers1$$Limit                0x0002d7d8   Number         0  ble_conn_params.o(sdh_ble_observers1)
    sdh_ble_observers2$$Base                 0x0002d7d8   Number         0  main.o(sdh_ble_observers2)
    sdh_ble_observers2$$Limit                0x0002d7e8   Number         0  main.o(sdh_ble_observers2)
    sdh_ble_observers3$$Base                 0x0002d7e8   Number         0  main.o(sdh_ble_observers3)
    sdh_ble_observers3$$Limit                0x0002d7f0   Number         0  main.o(sdh_ble_observers3)
    sdh_soc_observers0$$Base                 0x0002d7f0   Number         0  nrf_drv_clock.o(sdh_soc_observers0)
    sdh_soc_observers0$$Limit                0x0002d7f8   Number         0  nrf_drv_clock.o(sdh_soc_observers0)
    sdh_stack_observers0$$Base               0x0002d7f8   Number         0  nrf_sdh_ble.o(sdh_stack_observers0)
    sdh_stack_observers0$$Limit              0x0002d808   Number         0  nrf_sdh_soc.o(sdh_stack_observers0)
    sdh_state_observers0$$Base               0x0002d808   Number         0  nrf_drv_clock.o(sdh_state_observers0)
    sdh_state_observers0$$Limit              0x0002d810   Number         0  nrf_drv_clock.o(sdh_state_observers0)
    Image$$RW_IRAM1$$Base                    0x20002ad8   Number         0  anon$$obj.o ABSOLUTE
    nrf_drv_uart_use_easy_dma                0x20002b90   Data           1  nrf_drv_uart.o(.data)
    __stdout                                 0x20002c44   Data           4  retarget.o(.data)
    SystemCoreClock                          0x20002cac   Data           4  system_nrf52.o(.data)
    nrf_nvic_state                           0x20003690   Data          12  app_util_platform.o(.bss)
    _SEGGER_RTT                              0x20003c60   Data         120  segger_rtt.o(.bss)
    __initial_sp                             0x20005ee8   Data           0  arm_startup_nrf52.o(STACK)



==============================================================================

Memory Map of the image

  Image Entry point : 0x00026201

  Load Region LR_IROM1 (Base: 0x00026000, Size: 0x000079e8, Max: 0x0005a000, ABSOLUTE, COMPRESSED[0x00007878])

    Execution Region ER_IROM1 (Exec base: 0x00026000, Load base: 0x00026000, Size: 0x00007810, Max: 0x0005a000, ABSOLUTE)

    Exec Addr    Load Addr    Size         Type   Attr      Idx    E Section Name        Object

    0x00026000   0x00026000   0x00000200   Data   RO         5704    RESET               arm_startup_nrf52.o
    0x00026200   0x00026200   0x00000000   Code   RO         5773  * .ARM.Collect$$$$00000000  mc_w.l(entry.o)
    0x00026200   0x00026200   0x00000004   Code   RO         6083    .ARM.Collect$$$$00000001  mc_w.l(entry2.o)
    0x00026204   0x00026204   0x00000004   Code   RO         6086    .ARM.Collect$$$$00000004  mc_w.l(entry5.o)
    0x00026208   0x00026208   0x00000000   Code   RO         6088    .ARM.Collect$$$$00000008  mc_w.l(entry7b.o)
    0x00026208   0x00026208   0x00000000   Code   RO         6090    .ARM.Collect$$$$0000000A  mc_w.l(entry8b.o)
    0x00026208   0x00026208   0x00000008   Code   RO         6091    .ARM.Collect$$$$0000000B  mc_w.l(entry9a.o)
    0x00026210   0x00026210   0x00000004   Code   RO         6098    .ARM.Collect$$$$0000000E  mc_w.l(entry12b.o)
    0x00026214   0x00026214   0x00000000   Code   RO         6093    .ARM.Collect$$$$0000000F  mc_w.l(entry10a.o)
    0x00026214   0x00026214   0x00000000   Code   RO         6095    .ARM.Collect$$$$00000011  mc_w.l(entry11a.o)
    0x00026214   0x00026214   0x00000004   Code   RO         6084    .ARM.Collect$$$$00002712  mc_w.l(entry2.o)
    0x00026218   0x00026218   0x000000c8   Code   RO         4036    .emb_text           nrf_atfifo.o
    0x000262e0   0x000262e0   0x000000e2   Code   RO         4172    .emb_text           nrf_atomic.o
    0x000263c2   0x000263c2   0x00000002   PAD
    0x000263c4   0x000263c4   0x00000024   Code   RO         5705    .text               arm_startup_nrf52.o
    0x000263e8   0x000263e8   0x00000062   Code   RO         5776    .text               mc_w.l(uldiv.o)
    0x0002644a   0x0002644a   0x0000001e   Code   RO         5778    .text               mc_w.l(llshl.o)
    0x00026468   0x00026468   0x00000020   Code   RO         5780    .text               mc_w.l(llushr.o)
    0x00026488   0x00026488   0x00000008   Code   RO         5782    .text               mc_w.l(ctype_o.o)
    0x00026490   0x00026490   0x00000024   Code   RO         5810    .text               mc_w.l(memcpya.o)
    0x000264b4   0x000264b4   0x00000024   Code   RO         5812    .text               mc_w.l(memseta.o)
    0x000264d8   0x000264d8   0x0000000e   Code   RO         5814    .text               mc_w.l(strlen.o)
    0x000264e6   0x000264e6   0x00000012   Code   RO         5818    .text               mc_w.l(strcpy.o)
    0x000264f8   0x000264f8   0x0000002c   Code   RO         6099    .text               mc_w.l(uidiv.o)
    0x00026524   0x00026524   0x00000024   Code   RO         6112    .text               mc_w.l(init.o)
    0x00026548   0x00026548   0x00000056   Code   RO         6126    .text               mc_w.l(__dczerorl2.o)
    0x0002659e   0x0002659e   0x00000002   PAD
    0x000265a0   0x000265a0   0x000000a4   Code   RO         2071    i.GPIOTE_IRQHandler  nrfx_gpiote.o
    0x00026644   0x00026644   0x00000058   Code   RO         1932    i.POWER_CLOCK_IRQHandler  nrfx_clock.o
    0x0002669c   0x0002669c   0x00000010   Code   RO         3825    i.RTC1_IRQHandler   drv_rtc.o
    0x000266ac   0x000266ac   0x00000148   Code   RO         2931    i.SAADC_IRQHandler  nrfx_saadc.o
    0x000267f4   0x000267f4   0x00000004   Code   RO         5244    i.SEGGER_RTT_Init   segger_rtt.o
    0x000267f8   0x000267f8   0x0000005c   Code   RO         5258    i.SEGGER_RTT_WriteNoLock  segger_rtt.o
    0x00026854   0x00026854   0x00000004   Code   RO         5495    i.SWI2_EGU2_IRQHandler  nrf_sdh.o
    0x00026858   0x00026858   0x000002d8   Code   RO         5713    i.SystemInit        system_nrf52.o
    0x00026b30   0x00026b30   0x00000050   Code   RO         3083    i.TIMER3_IRQHandler  nrfx_timer.o
    0x00026b80   0x00026b80   0x0000000c   Code   RO         2376    i.UARTE0_UART0_IRQHandler  nrfx_prs.o
    0x00026b8c   0x00026b8c   0x00000068   Code   RO         5262    i._DoInit           segger_rtt.o
    0x00026bf4   0x00026bf4   0x00000016   Code   RO         5263    i._GetAvailWriteSpace  segger_rtt.o
    0x00026c0a   0x00026c0a   0x0000005a   Code   RO         5265    i._WriteBlocking    segger_rtt.o
    0x00026c64   0x00026c64   0x00000042   Code   RO         5266    i._WriteNoCheck     segger_rtt.o
    0x00026ca6   0x00026ca6   0x00000002   PAD
    0x00026ca8   0x00026ca8   0x00000020   Code   RO         5867    i.__0printf$1       mc_w.l(printf1.o)
    0x00026cc8   0x00026cc8   0x0000000e   Code   RO         6120    i.__scatterload_copy  mc_w.l(handlers.o)
    0x00026cd6   0x00026cd6   0x00000002   Code   RO         6121    i.__scatterload_null  mc_w.l(handlers.o)
    0x00026cd8   0x00026cd8   0x0000000e   Code   RO         6122    i.__scatterload_zeroinit  mc_w.l(handlers.o)
    0x00026ce6   0x00026ce6   0x00000002   PAD
    0x00026ce8   0x00026ce8   0x00000024   Code   RO         5496    i.__sd_nvic_app_accessible_irq  nrf_sdh.o
    0x00026d0c   0x00026d0c   0x00000154   Code   RO         5874    i._printf_core      mc_w.l(printf1.o)
    0x00026e60   0x00026e60   0x00000010   Code   RO          945    i.adv_set_data_size_max_get  ble_advertising.o
    0x00026e70   0x00026e70   0x00000036   Code   RO          735    i.advertising_buttons_configure  bsp_btn_ble.o
    0x00026ea6   0x00026ea6   0x00000006   Code   RO          618    i.alert_timer_handler  bsp.o
    0x00026eac   0x00026eac   0x00000024   Code   RO         3213    i.app_button_enable  app_button.o
    0x00026ed0   0x00026ed0   0x00000080   Code   RO         3214    i.app_button_init   app_button.o
    0x00026f50   0x00026f50   0x00000084   Code   RO         3371    i.app_error_fault_handler  app_error_weak.o
    0x00026fd4   0x00026fd4   0x00000016   Code   RO         3311    i.app_error_handler_bare  app_error.o
    0x00026fea   0x00026fea   0x00000016   Code   RO         3415    i.app_fifo_get      app_fifo.o
    0x00027000   0x00027000   0x00000020   Code   RO         3416    i.app_fifo_init     app_fifo.o
    0x00027020   0x00027020   0x0000001a   Code   RO         3418    i.app_fifo_put      app_fifo.o
    0x0002703a   0x0002703a   0x00000002   PAD
    0x0002703c   0x0002703c   0x0000000c   Code   RO         3539    i.app_timer_cnt_get  app_timer2.o
    0x00027048   0x00027048   0x00000020   Code   RO         3540    i.app_timer_create  app_timer2.o
    0x00027068   0x00027068   0x0000005c   Code   RO         3541    i.app_timer_init    app_timer2.o
    0x000270c4   0x000270c4   0x00000054   Code   RO         3544    i.app_timer_start   app_timer2.o
    0x00027118   0x00027118   0x00000044   Code   RO         3545    i.app_timer_stop    app_timer2.o
    0x0002715c   0x0002715c   0x00000034   Code   RO         3682    i.app_uart_get      app_uart_fifo.o
    0x00027190   0x00027190   0x000000a4   Code   RO         3683    i.app_uart_init     app_uart_fifo.o
    0x00027234   0x00027234   0x00000054   Code   RO         3684    i.app_uart_put      app_uart_fifo.o
    0x00027288   0x00027288   0x00000048   Code   RO         3757    i.app_util_critical_region_enter  app_util_platform.o
    0x000272d0   0x000272d0   0x00000034   Code   RO         3758    i.app_util_critical_region_exit  app_util_platform.o
    0x00027304   0x00027304   0x00000088   Code   RO         2430    i.apply_config      nrfx_uart.o
    0x0002738c   0x0002738c   0x00000088   Code   RO         2618    i.apply_config      nrfx_uarte.o
    0x00027414   0x00027414   0x0000000c   Code   RO         2778    i.are_app_channels  nrfx_ppi.o
    0x00027420   0x00027420   0x00000048   Code   RO         1287    i.blcm_link_ctx_get  ble_link_ctx_manager.o
    0x00027468   0x00027468   0x00000182   Code   RO          839    i.ble_advdata_encode  ble_advdata.o
    0x000275ea   0x000275ea   0x00000020   Code   RO          841    i.ble_advdata_parse  ble_advdata.o
    0x0002760a   0x0002760a   0x00000046   Code   RO          842    i.ble_advdata_search  ble_advdata.o
    0x00027650   0x00027650   0x00000006   Code   RO          947    i.ble_advertising_conn_cfg_tag_set  ble_advertising.o
    0x00027656   0x00027656   0x000000f8   Code   RO          948    i.ble_advertising_init  ble_advertising.o
    0x0002774e   0x0002774e   0x0000006a   Code   RO          950    i.ble_advertising_on_ble_evt  ble_advertising.o
    0x000277b8   0x000277b8   0x0000003a   Code   RO          952    i.ble_advertising_restart_without_whitelist  ble_advertising.o
    0x000277f2   0x000277f2   0x00000230   Code   RO          953    i.ble_advertising_start  ble_advertising.o
    0x00027a22   0x00027a22   0x00000002   PAD
    0x00027a24   0x00027a24   0x00000068   Code   RO         1044    i.ble_conn_params_init  ble_conn_params.o
    0x00027a8c   0x00027a8c   0x00000012   Code   RO         1119    i.ble_conn_state_conn_idx  ble_conn_state.o
    0x00027a9e   0x00027a9e   0x00000002   PAD
    0x00027aa0   0x00027aa0   0x00000014   Code   RO         1133    i.ble_conn_state_valid  ble_conn_state.o
    0x00027ab4   0x00027ab4   0x00000060   Code   RO          845    i.ble_device_addr_encode  ble_advdata.o
    0x00027b14   0x00027b14   0x000000dc   Code   RO            5    i.ble_evt_handler   main.o
    0x00027bf0   0x00027bf0   0x00000070   Code   RO          736    i.ble_evt_handler   bsp_btn_ble.o
    0x00027c60   0x00027c60   0x000000fc   Code   RO         1046    i.ble_evt_handler   ble_conn_params.o
    0x00027d5c   0x00027d5c   0x00000118   Code   RO         1134    i.ble_evt_handler   ble_conn_state.o
    0x00027e74   0x00027e74   0x00000066   Code   RO         1511    i.ble_nus_data_send  ble_nus.o
    0x00027eda   0x00027eda   0x00000002   PAD
    0x00027edc   0x00027edc   0x000000d4   Code   RO         1512    i.ble_nus_init      ble_nus.o
    0x00027fb0   0x00027fb0   0x00000078   Code   RO         1513    i.ble_nus_on_ble_evt  ble_nus.o
    0x00028028   0x00028028   0x00000008   Code   RO         1313    i.ble_srv_is_notification_enabled  ble_srv_common.o
    0x00028030   0x00028030   0x0000000c   Code   RO          505    i.bsp_board_button_idx_to_pin  boards.o
    0x0002803c   0x0002803c   0x00000020   Code   RO          506    i.bsp_board_button_state_get  boards.o
    0x0002805c   0x0002805c   0x00000054   Code   RO          507    i.bsp_board_init    boards.o
    0x000280b0   0x000280b0   0x00000024   Code   RO          509    i.bsp_board_led_invert  boards.o
    0x000280d4   0x000280d4   0x00000010   Code   RO          510    i.bsp_board_led_off  boards.o
    0x000280e4   0x000280e4   0x00000010   Code   RO          511    i.bsp_board_led_on  boards.o
    0x000280f4   0x000280f4   0x00000020   Code   RO          512    i.bsp_board_led_state_get  boards.o
    0x00028114   0x00028114   0x00000012   Code   RO          513    i.bsp_board_leds_off  boards.o
    0x00028126   0x00028126   0x00000012   Code   RO          514    i.bsp_board_leds_on  boards.o
    0x00028138   0x00028138   0x00000024   Code   RO          515    i.bsp_board_pin_to_button_idx  boards.o
    0x0002815c   0x0002815c   0x00000038   Code   RO          737    i.bsp_btn_ble_init  bsp_btn_ble.o
    0x00028194   0x00028194   0x0000001e   Code   RO          738    i.bsp_btn_ble_sleep_mode_prepare  bsp_btn_ble.o
    0x000281b2   0x000281b2   0x00000002   PAD
    0x000281b4   0x000281b4   0x00000090   Code   RO          619    i.bsp_button_event_handler  bsp.o
    0x00028244   0x00028244   0x0000000c   Code   RO          620    i.bsp_button_is_pressed  bsp.o
    0x00028250   0x00028250   0x0000004c   Code   RO            6    i.bsp_event_handler  main.o
    0x0002829c   0x0002829c   0x00000044   Code   RO          623    i.bsp_event_to_button_action_assign  bsp.o
    0x000282e0   0x000282e0   0x00000018   Code   RO          624    i.bsp_indication_set  bsp.o
    0x000282f8   0x000282f8   0x00000094   Code   RO          625    i.bsp_init          bsp.o
    0x0002838c   0x0002838c   0x000001c8   Code   RO          626    i.bsp_led_indication  bsp.o
    0x00028554   0x00028554   0x00000006   Code   RO          628    i.bsp_wakeup_button_enable  bsp.o
    0x0002855a   0x0002855a   0x00000002   PAD
    0x0002855c   0x0002855c   0x00000094   Code   RO         4974    i.buf_prealloc      nrf_log_frontend.o
    0x000285f0   0x000285f0   0x0000001e   Code   RO         4384    i.buffer_add        nrf_fprintf_format.o
    0x0002860e   0x0002860e   0x00000002   PAD
    0x00028610   0x00028610   0x00000018   Code   RO         4975    i.buffer_is_empty   nrf_log_frontend.o
    0x00028628   0x00028628   0x00000028   Code   RO         3216    i.button_get        app_button.o
    0x00028650   0x00028650   0x00000008   Code   RO          629    i.button_timer_handler  bsp.o
    0x00028658   0x00028658   0x0000001c   Code   RO         2072    i.channel_free      nrfx_gpiote.o
    0x00028674   0x00028674   0x00000048   Code   RO         2073    i.channel_port_alloc  nrfx_gpiote.o
    0x000286bc   0x000286bc   0x00000010   Code   RO         2074    i.channel_port_get  nrfx_gpiote.o
    0x000286cc   0x000286cc   0x00000190   Code   RO         1315    i.characteristic_add  ble_srv_common.o
    0x0002885c   0x0002885c   0x00000028   Code   RO         1587    i.clock_clk_started_notify  nrf_drv_clock.o
    0x00028884   0x00028884   0x0000001c   Code   RO         1588    i.clock_irq_handler  nrf_drv_clock.o
    0x000288a0   0x000288a0   0x00000018   Code   RO         3547    i.compare_func      app_timer2.o
    0x000288b8   0x000288b8   0x0000003e   Code   RO         1135    i.conn_handle_list_get  ble_conn_state.o
    0x000288f6   0x000288f6   0x00000088   Code   RO          846    i.conn_int_encode   ble_advdata.o
    0x0002897e   0x0002897e   0x00000004   Code   RO            7    i.conn_params_error_handler  main.o
    0x00028982   0x00028982   0x00000002   PAD
    0x00028984   0x00028984   0x00000048   Code   RO         1047    i.conn_params_negotiation  ble_conn_params.o
    0x000289cc   0x000289cc   0x000000c0   Code   RO         1373    i.data_length_update  nrf_ble_gatt.o
    0x00028a8c   0x00028a8c   0x00000048   Code   RO         3217    i.detection_delay_timeout_handler  app_button.o
    0x00028ad4   0x00028ad4   0x00000014   Code   RO         4976    i.dropped_sat16_get  nrf_log_frontend.o
    0x00028ae8   0x00028ae8   0x00000014   Code   RO         3826    i.drv_rtc_compare_disable  drv_rtc.o
    0x00028afc   0x00028afc   0x0000000e   Code   RO         3829    i.drv_rtc_compare_pending  drv_rtc.o
    0x00028b0a   0x00028b0a   0x00000050   Code   RO         3830    i.drv_rtc_compare_set  drv_rtc.o
    0x00028b5a   0x00028b5a   0x00000008   Code   RO         3831    i.drv_rtc_counter_get  drv_rtc.o
    0x00028b62   0x00028b62   0x00000002   PAD
    0x00028b64   0x00028b64   0x000000d8   Code   RO         3832    i.drv_rtc_init      drv_rtc.o
    0x00028c3c   0x00028c3c   0x0000001e   Code   RO         3833    i.drv_rtc_irq_trigger  drv_rtc.o
    0x00028c5a   0x00028c5a   0x00000008   Code   RO         3835    i.drv_rtc_overflow_enable  drv_rtc.o
    0x00028c62   0x00028c62   0x00000008   Code   RO         3836    i.drv_rtc_overflow_pending  drv_rtc.o
    0x00028c6a   0x00028c6a   0x00000008   Code   RO         3837    i.drv_rtc_start     drv_rtc.o
    0x00028c72   0x00028c72   0x00000008   Code   RO         3838    i.drv_rtc_stop      drv_rtc.o
    0x00028c7a   0x00028c7a   0x000000de   Code   RO         3843    i.drv_rtc_windowed_compare_set  drv_rtc.o
    0x00028d58   0x00028d58   0x00000012   Code   RO         3844    i.evt_enable        drv_rtc.o
    0x00028d6a   0x00028d6a   0x00000002   PAD
    0x00028d6c   0x00028d6c   0x000000e0   Code   RO         3218    i.evt_handle        app_button.o
    0x00028e4c   0x00028e4c   0x00000014   Code   RO         3845    i.evt_pending       drv_rtc.o
    0x00028e60   0x00028e60   0x00000014   Code   RO         3421    i.fifo_get          app_fifo.o
    0x00028e74   0x00028e74   0x00000012   Code   RO         3422    i.fifo_put          app_fifo.o
    0x00028e86   0x00028e86   0x0000000a   Code   RO         1136    i.flag_toggle       ble_conn_state.o
    0x00028e90   0x00028e90   0x00000028   Code   RO          955    i.flags_set         ble_advertising.o
    0x00028eb8   0x00028eb8   0x0000000e   Code   RO         4763    i.fputc             retarget.o
    0x00028ec6   0x00028ec6   0x00000002   PAD
    0x00028ec8   0x00028ec8   0x0000005c   Code   RO            8    i.gatt_evt_handler  main.o
    0x00028f24   0x00028f24   0x00000030   Code   RO            9    i.gatt_init         main.o
    0x00028f54   0x00028f54   0x00000034   Code   RO         3548    i.get_now           app_timer2.o
    0x00028f88   0x00028f88   0x0000003c   Code   RO         3219    i.gpiote_event_handler  app_button.o
    0x00028fc4   0x00028fc4   0x00000014   Code   RO         1048    i.instance_get      ble_conn_params.o
    0x00028fd8   0x00028fd8   0x000000a6   Code   RO         4385    i.int_print         nrf_fprintf_format.o
    0x0002907e   0x0002907e   0x00000002   PAD
    0x00029080   0x00029080   0x00000088   Code   RO         2619    i.interrupts_enable  nrfx_uarte.o
    0x00029108   0x00029108   0x00000034   Code   RO         4977    i.invalid_packets_omit  nrf_log_frontend.o
    0x0002913c   0x0002913c   0x00000018   Code   RO         2779    i.is_allocated_channel  nrfx_ppi.o
    0x00029154   0x00029154   0x0000000a   Code   RO         2781    i.is_app_channel    nrfx_ppi.o
    0x0002915e   0x0002915e   0x00000044   Code   RO         1049    i.is_conn_params_ok  ble_conn_params.o
    0x000291a2   0x000291a2   0x0000000c   Code   RO         2783    i.is_programmable_app_channel  nrfx_ppi.o
    0x000291ae   0x000291ae   0x00000002   PAD
    0x000291b0   0x000291b0   0x00000030   Code   RO          630    i.leds_off          bsp.o
    0x000291e0   0x000291e0   0x00000014   Code   RO          631    i.leds_timer_handler  bsp.o
    0x000291f4   0x000291f4   0x00000018   Code   RO         1374    i.link_init         nrf_ble_gatt.o
    0x0002920c   0x0002920c   0x00000002   Code   RO         4978    i.log_pending_hook  nrf_log_frontend.o
    0x0002920e   0x0002920e   0x00000002   PAD
    0x00029210   0x00029210   0x000000a4   Code   RO         4979    i.log_skip          nrf_log_frontend.o
    0x000292b4   0x000292b4   0x00000254   Code   RO           10    i.main              main.o
    0x00029508   0x00029508   0x00000064   Code   RO          847    i.manuf_specific_data_encode  ble_advdata.o
    0x0002956c   0x0002956c   0x0000007e   Code   RO         4424    i.memobj_op         nrf_memobj.o
    0x000295ea   0x000295ea   0x00000002   PAD
    0x000295ec   0x000295ec   0x00000030   Code   RO         4980    i.module_idx_get    nrf_log_frontend.o
    0x0002961c   0x0002961c   0x000000a6   Code   RO          848    i.name_encode       ble_advdata.o
    0x000296c2   0x000296c2   0x00000026   Code   RO         4040    i.nrf_atfifo_init   nrf_atfifo.o
    0x000296e8   0x000296e8   0x00000016   Code   RO         4041    i.nrf_atfifo_item_alloc  nrf_atfifo.o
    0x000296fe   0x000296fe   0x00000016   Code   RO         4042    i.nrf_atfifo_item_free  nrf_atfifo.o
    0x00029714   0x00029714   0x00000016   Code   RO         4043    i.nrf_atfifo_item_get  nrf_atfifo.o
    0x0002972a   0x0002972a   0x00000016   Code   RO         4044    i.nrf_atfifo_item_put  nrf_atfifo.o
    0x00029740   0x00029740   0x00000016   Code   RO         4106    i.nrf_atflags_clear  nrf_atflags.o
    0x00029756   0x00029756   0x00000016   Code   RO         4111    i.nrf_atflags_get   nrf_atflags.o
    0x0002976c   0x0002976c   0x00000014   Code   RO         4113    i.nrf_atflags_set   nrf_atflags.o
    0x00029780   0x00029780   0x00000006   Code   RO         4174    i.nrf_atomic_flag_clear_fetch  nrf_atomic.o
    0x00029786   0x00029786   0x00000006   Code   RO         4175    i.nrf_atomic_flag_set  nrf_atomic.o
    0x0002978c   0x0002978c   0x0000000c   Code   RO         4177    i.nrf_atomic_u32_add  nrf_atomic.o
    0x00029798   0x00029798   0x0000000c   Code   RO         4178    i.nrf_atomic_u32_and  nrf_atomic.o
    0x000297a4   0x000297a4   0x0000000a   Code   RO         4181    i.nrf_atomic_u32_fetch_and  nrf_atomic.o
    0x000297ae   0x000297ae   0x0000000a   Code   RO         4183    i.nrf_atomic_u32_fetch_store  nrf_atomic.o
    0x000297b8   0x000297b8   0x0000000c   Code   RO         4187    i.nrf_atomic_u32_or  nrf_atomic.o
    0x000297c4   0x000297c4   0x0000000c   Code   RO         4189    i.nrf_atomic_u32_sub  nrf_atomic.o
    0x000297d0   0x000297d0   0x00000044   Code   RO         4308    i.nrf_balloc_alloc  nrf_balloc.o
    0x00029814   0x00029814   0x00000030   Code   RO         4309    i.nrf_balloc_free   nrf_balloc.o
    0x00029844   0x00029844   0x00000030   Code   RO         4310    i.nrf_balloc_init   nrf_balloc.o
    0x00029874   0x00029874   0x00000010   Code   RO         2075    i.nrf_bitmask_bit_is_set  nrfx_gpiote.o
    0x00029884   0x00029884   0x00000018   Code   RO         1376    i.nrf_ble_gatt_att_mtu_periph_set  nrf_ble_gatt.o
    0x0002989c   0x0002989c   0x00000022   Code   RO         1380    i.nrf_ble_gatt_init  nrf_ble_gatt.o
    0x000298be   0x000298be   0x00000002   PAD
    0x000298c0   0x000298c0   0x00000170   Code   RO         1381    i.nrf_ble_gatt_on_ble_evt  nrf_ble_gatt.o
    0x00029a30   0x00029a30   0x00000016   Code   RO         1470    i.nrf_ble_qwr_conn_handle_assign  nrf_ble_qwr.o
    0x00029a46   0x00029a46   0x00000024   Code   RO         1471    i.nrf_ble_qwr_init  nrf_ble_qwr.o
    0x00029a6a   0x00029a6a   0x000000b6   Code   RO         1472    i.nrf_ble_qwr_on_ble_evt  nrf_ble_qwr.o
    0x00029b20   0x00029b20   0x0000000e   Code   RO         1933    i.nrf_clock_event_check  nrfx_clock.o
    0x00029b2e   0x00029b2e   0x00000010   Code   RO         1934    i.nrf_clock_event_clear  nrfx_clock.o
    0x00029b3e   0x00029b3e   0x00000002   PAD
    0x00029b40   0x00029b40   0x00000040   Code   RO         1595    i.nrf_drv_clock_init  nrf_drv_clock.o
    0x00029b80   0x00029b80   0x00000034   Code   RO         1599    i.nrf_drv_clock_lfclk_release  nrf_drv_clock.o
    0x00029bb4   0x00029bb4   0x00000018   Code   RO         4800    i.nrf_drv_ppi_init  nrf_drv_ppi.o
    0x00029bcc   0x00029bcc   0x00000068   Code   RO         1741    i.nrf_drv_uart_init  nrf_drv_uart.o
    0x00029c34   0x00029c34   0x00000020   Code   RO         3685    i.nrf_drv_uart_rx   app_uart_fifo.o
    0x00029c54   0x00029c54   0x00000020   Code   RO         3686    i.nrf_drv_uart_tx   app_uart_fifo.o
    0x00029c74   0x00029c74   0x0000001a   Code   RO         4345    i.nrf_fprintf       nrf_fprintf.o
    0x00029c8e   0x00029c8e   0x00000018   Code   RO         4346    i.nrf_fprintf_buffer_flush  nrf_fprintf.o
    0x00029ca6   0x00029ca6   0x000001da   Code   RO         4386    i.nrf_fprintf_fmt   nrf_fprintf_format.o
    0x00029e80   0x00029e80   0x00000024   Code   RO          517    i.nrf_gpio_cfg      boards.o
    0x00029ea4   0x00029ea4   0x00000024   Code   RO         2076    i.nrf_gpio_cfg      nrfx_gpiote.o
    0x00029ec8   0x00029ec8   0x00000024   Code   RO         2431    i.nrf_gpio_cfg      nrfx_uart.o
    0x00029eec   0x00029eec   0x00000024   Code   RO         2620    i.nrf_gpio_cfg      nrfx_uarte.o
    0x00029f10   0x00029f10   0x00000012   Code   RO         2433    i.nrf_gpio_cfg_input  nrfx_uart.o
    0x00029f22   0x00029f22   0x00000012   Code   RO         2622    i.nrf_gpio_cfg_input  nrfx_uarte.o
    0x00029f34   0x00029f34   0x00000014   Code   RO         2434    i.nrf_gpio_cfg_output  nrfx_uart.o
    0x00029f48   0x00029f48   0x00000014   Code   RO         2623    i.nrf_gpio_cfg_output  nrfx_uarte.o
    0x00029f5c   0x00029f5c   0x00000022   Code   RO         2078    i.nrf_gpio_cfg_sense_set  nrfx_gpiote.o
    0x00029f7e   0x00029f7e   0x00000002   PAD
    0x00029f80   0x00029f80   0x0000002c   Code   RO         2079    i.nrf_gpio_latches_read_and_clear  nrfx_gpiote.o
    0x00029fac   0x00029fac   0x0000001e   Code   RO         2080    i.nrf_gpio_pin_present_check  nrfx_gpiote.o
    0x00029fca   0x00029fca   0x00000016   Code   RO          518    i.nrf_gpio_pin_write  boards.o
    0x00029fe0   0x00029fe0   0x00000014   Code   RO         2081    i.nrf_gpiote_event_clear  nrfx_gpiote.o
    0x00029ff4   0x00029ff4   0x00000010   Code   RO         2082    i.nrf_gpiote_event_is_set  nrfx_gpiote.o
    0x0002a004   0x0002a004   0x0000005c   Code   RO         4981    i.nrf_log_backend_add  nrf_log_frontend.o
    0x0002a060   0x0002a060   0x00000002   Code   RO         4835    i.nrf_log_backend_rtt_flush  nrf_log_backend_rtt.o
    0x0002a062   0x0002a062   0x00000004   Code   RO         4836    i.nrf_log_backend_rtt_init  nrf_log_backend_rtt.o
    0x0002a066   0x0002a066   0x00000002   Code   RO         4837    i.nrf_log_backend_rtt_panic_set  nrf_log_backend_rtt.o
    0x0002a068   0x0002a068   0x00000018   Code   RO         4838    i.nrf_log_backend_rtt_put  nrf_log_backend_rtt.o
    0x0002a080   0x0002a080   0x000000c2   Code   RO         4904    i.nrf_log_backend_serial_put  nrf_log_backend_serial.o
    0x0002a142   0x0002a142   0x00000002   PAD
    0x0002a144   0x0002a144   0x00000030   Code   RO         4983    i.nrf_log_color_id_get  nrf_log_frontend.o
    0x0002a174   0x0002a174   0x0000001c   Code   RO         4938    i.nrf_log_default_backends_init  nrf_log_default_backends.o
    0x0002a190   0x0002a190   0x00000234   Code   RO         4984    i.nrf_log_frontend_dequeue  nrf_log_frontend.o
    0x0002a3c4   0x0002a3c4   0x00000008   Code   RO         4986    i.nrf_log_frontend_std_0  nrf_log_frontend.o
    0x0002a3cc   0x0002a3cc   0x0000000e   Code   RO         4987    i.nrf_log_frontend_std_1  nrf_log_frontend.o
    0x0002a3da   0x0002a3da   0x00000010   Code   RO         4988    i.nrf_log_frontend_std_2  nrf_log_frontend.o
    0x0002a3ea   0x0002a3ea   0x00000002   PAD
    0x0002a3ec   0x0002a3ec   0x000000b0   Code   RO         5167    i.nrf_log_hexdump_entry_process  nrf_log_str_formatter.o
    0x0002a49c   0x0002a49c   0x00000028   Code   RO         4993    i.nrf_log_init      nrf_log_frontend.o
    0x0002a4c4   0x0002a4c4   0x00000014   Code   RO         4994    i.nrf_log_module_cnt_get  nrf_log_frontend.o
    0x0002a4d8   0x0002a4d8   0x0000001c   Code   RO         4997    i.nrf_log_module_name_get  nrf_log_frontend.o
    0x0002a4f4   0x0002a4f4   0x00000028   Code   RO         4998    i.nrf_log_panic     nrf_log_frontend.o
    0x0002a51c   0x0002a51c   0x000000b6   Code   RO         5168    i.nrf_log_std_entry_process  nrf_log_str_formatter.o
    0x0002a5d2   0x0002a5d2   0x00000060   Code   RO         4425    i.nrf_memobj_alloc  nrf_memobj.o
    0x0002a632   0x0002a632   0x00000032   Code   RO         4426    i.nrf_memobj_free   nrf_memobj.o
    0x0002a664   0x0002a664   0x00000008   Code   RO         4427    i.nrf_memobj_get    nrf_memobj.o
    0x0002a66c   0x0002a66c   0x00000004   Code   RO         4428    i.nrf_memobj_pool_init  nrf_memobj.o
    0x0002a670   0x0002a670   0x0000001e   Code   RO         4429    i.nrf_memobj_put    nrf_memobj.o
    0x0002a68e   0x0002a68e   0x00000010   Code   RO         4430    i.nrf_memobj_read   nrf_memobj.o
    0x0002a69e   0x0002a69e   0x00000010   Code   RO         4431    i.nrf_memobj_write  nrf_memobj.o
    0x0002a6ae   0x0002a6ae   0x00000002   PAD
    0x0002a6b0   0x0002a6b0   0x00000028   Code   RO         4503    i.nrf_pwr_mgmt_init  nrf_pwr_mgmt.o
    0x0002a6d8   0x0002a6d8   0x00000044   Code   RO         4504    i.nrf_pwr_mgmt_run  nrf_pwr_mgmt.o
    0x0002a71c   0x0002a71c   0x00000004   Code   RO           11    i.nrf_qwr_error_handler  main.o
    0x0002a720   0x0002a720   0x0000001c   Code   RO         4580    i.nrf_ringbuf_init  nrf_ringbuf.o
    0x0002a73c   0x0002a73c   0x0000000c   Code   RO         3846    i.nrf_rtc_event_clear  drv_rtc.o
    0x0002a748   0x0002a748   0x00000010   Code   RO         2932    i.nrf_saadc_buffer_init  nrfx_saadc.o
    0x0002a758   0x0002a758   0x00000014   Code   RO         2933    i.nrf_saadc_channel_input_set  nrfx_saadc.o
    0x0002a76c   0x0002a76c   0x00000010   Code   RO         2934    i.nrf_saadc_event_check  nrfx_saadc.o
    0x0002a77c   0x0002a77c   0x00000014   Code   RO         2935    i.nrf_saadc_event_clear  nrfx_saadc.o
    0x0002a790   0x0002a790   0x00000014   Code   RO         5616    i.nrf_sdh_ble_app_ram_start_get  nrf_sdh_ble.o
    0x0002a7a4   0x0002a7a4   0x00000130   Code   RO         5617    i.nrf_sdh_ble_default_cfg_set  nrf_sdh_ble.o
    0x0002a8d4   0x0002a8d4   0x00000130   Code   RO         5618    i.nrf_sdh_ble_enable  nrf_sdh_ble.o
    0x0002aa04   0x0002aa04   0x00000060   Code   RO         5619    i.nrf_sdh_ble_evts_poll  nrf_sdh_ble.o
    0x0002aa64   0x0002aa64   0x00000074   Code   RO         5498    i.nrf_sdh_enable_request  nrf_sdh.o
    0x0002aad8   0x0002aad8   0x00000024   Code   RO         5499    i.nrf_sdh_evts_poll  nrf_sdh.o
    0x0002aafc   0x0002aafc   0x0000000c   Code   RO         5500    i.nrf_sdh_is_enabled  nrf_sdh.o
    0x0002ab08   0x0002ab08   0x0000003c   Code   RO         5670    i.nrf_sdh_soc_evts_poll  nrf_sdh_soc.o
    0x0002ab44   0x0002ab44   0x0000000a   Code   RO         4638    i.nrf_section_iter_init  nrf_section_iter.o
    0x0002ab4e   0x0002ab4e   0x00000024   Code   RO         4639    i.nrf_section_iter_item_set  nrf_section_iter.o
    0x0002ab72   0x0002ab72   0x00000020   Code   RO         4640    i.nrf_section_iter_next  nrf_section_iter.o
    0x0002ab92   0x0002ab92   0x00000022   Code   RO         4673    i.nrf_sortlist_add  nrf_sortlist.o
    0x0002abb4   0x0002abb4   0x00000006   Code   RO         4675    i.nrf_sortlist_peek  nrf_sortlist.o
    0x0002abba   0x0002abba   0x0000000e   Code   RO         4676    i.nrf_sortlist_pop  nrf_sortlist.o
    0x0002abc8   0x0002abc8   0x0000001e   Code   RO         4677    i.nrf_sortlist_remove  nrf_sortlist.o
    0x0002abe6   0x0002abe6   0x00000002   PAD
    0x0002abe8   0x0002abe8   0x00000038   Code   RO         4729    i.nrf_strerror_find  nrf_strerror.o
    0x0002ac20   0x0002ac20   0x00000014   Code   RO         4730    i.nrf_strerror_get  nrf_strerror.o
    0x0002ac34   0x0002ac34   0x0000000c   Code   RO         3084    i.nrf_timer_event_clear  nrfx_timer.o
    0x0002ac40   0x0002ac40   0x0000000a   Code   RO         2435    i.nrf_uart_event_check  nrfx_uart.o
    0x0002ac4a   0x0002ac4a   0x0000000c   Code   RO         2436    i.nrf_uart_event_clear  nrfx_uart.o
    0x0002ac56   0x0002ac56   0x0000000c   Code   RO         2437    i.nrf_uart_int_enable_check  nrfx_uart.o
    0x0002ac62   0x0002ac62   0x0000000a   Code   RO         2624    i.nrf_uarte_event_check  nrfx_uarte.o
    0x0002ac6c   0x0002ac6c   0x0000000c   Code   RO         2625    i.nrf_uarte_event_clear  nrfx_uarte.o
    0x0002ac78   0x0002ac78   0x00000010   Code   RO         1602    i.nrf_wdt_started   nrf_drv_clock.o
    0x0002ac88   0x0002ac88   0x0000002c   Code   RO         1939    i.nrfx_clock_enable  nrfx_clock.o
    0x0002acb4   0x0002acb4   0x00000020   Code   RO         1942    i.nrfx_clock_init   nrfx_clock.o
    0x0002acd4   0x0002acd4   0x00000030   Code   RO         1945    i.nrfx_clock_lfclk_stop  nrfx_clock.o
    0x0002ad04   0x0002ad04   0x00000010   Code   RO         3847    i.nrfx_coredep_delay_us  drv_rtc.o
    0x0002ad14   0x0002ad14   0x000000a0   Code   RO         2088    i.nrfx_gpiote_in_event_enable  nrfx_gpiote.o
    0x0002adb4   0x0002adb4   0x000000cc   Code   RO         2090    i.nrfx_gpiote_in_init  nrfx_gpiote.o
    0x0002ae80   0x0002ae80   0x00000014   Code   RO         2091    i.nrfx_gpiote_in_is_set  nrfx_gpiote.o
    0x0002ae94   0x0002ae94   0x00000074   Code   RO         2093    i.nrfx_gpiote_init  nrfx_gpiote.o
    0x0002af08   0x0002af08   0x00000014   Code   RO         2094    i.nrfx_gpiote_is_init  nrfx_gpiote.o
    0x0002af1c   0x0002af1c   0x00000010   Code   RO         2626    i.nrfx_is_in_ram    nrfx_uarte.o
    0x0002af2c   0x0002af2c   0x0000006c   Code   RO         2784    i.nrfx_ppi_channel_alloc  nrfx_ppi.o
    0x0002af98   0x0002af98   0x00000044   Code   RO         2785    i.nrfx_ppi_channel_assign  nrfx_ppi.o
    0x0002afdc   0x0002afdc   0x00000034   Code   RO         2787    i.nrfx_ppi_channel_enable  nrfx_ppi.o
    0x0002b010   0x0002b010   0x0000003a   Code   RO         2377    i.nrfx_prs_acquire  nrfx_prs.o
    0x0002b04a   0x0002b04a   0x00000002   PAD
    0x0002b04c   0x0002b04c   0x000000a4   Code   RO         2939    i.nrfx_saadc_buffer_convert  nrfx_saadc.o
    0x0002b0f0   0x0002b0f0   0x000000ac   Code   RO         2941    i.nrfx_saadc_channel_init  nrfx_saadc.o
    0x0002b19c   0x0002b19c   0x00000094   Code   RO         2943    i.nrfx_saadc_init   nrfx_saadc.o
    0x0002b230   0x0002b230   0x0000001c   Code   RO         2948    i.nrfx_saadc_sample_task_get  nrfx_saadc.o
    0x0002b24c   0x0002b24c   0x0000003a   Code   RO         3087    i.nrfx_timer_compare  nrfx_timer.o
    0x0002b286   0x0002b286   0x00000002   PAD
    0x0002b288   0x0002b288   0x0000001c   Code   RO         3091    i.nrfx_timer_enable  nrfx_timer.o
    0x0002b2a4   0x0002b2a4   0x0000002a   Code   RO         3092    i.nrfx_timer_extended_compare  nrfx_timer.o
    0x0002b2ce   0x0002b2ce   0x00000002   PAD
    0x0002b2d0   0x0002b2d0   0x000000c0   Code   RO         3094    i.nrfx_timer_init   nrfx_timer.o
    0x0002b390   0x0002b390   0x00000010   Code   RO         2438    i.nrfx_uart_0_irq_handler  nrfx_uart.o
    0x0002b3a0   0x0002b3a0   0x000000d4   Code   RO         2440    i.nrfx_uart_init    nrfx_uart.o
    0x0002b474   0x0002b474   0x000000ec   Code   RO         2441    i.nrfx_uart_rx      nrfx_uart.o
    0x0002b560   0x0002b560   0x000000a8   Code   RO         2446    i.nrfx_uart_tx      nrfx_uart.o
    0x0002b608   0x0002b608   0x00000020   Code   RO         2448    i.nrfx_uart_tx_in_progress  nrfx_uart.o
    0x0002b628   0x0002b628   0x00000010   Code   RO         2627    i.nrfx_uarte_0_irq_handler  nrfx_uarte.o
    0x0002b638   0x0002b638   0x0000006c   Code   RO         2629    i.nrfx_uarte_init   nrfx_uarte.o
    0x0002b6a4   0x0002b6a4   0x00000104   Code   RO         2630    i.nrfx_uarte_rx     nrfx_uarte.o
    0x0002b7a8   0x0002b7a8   0x000000ac   Code   RO         2633    i.nrfx_uarte_tx     nrfx_uarte.o
    0x0002b854   0x0002b854   0x0000001c   Code   RO         2635    i.nrfx_uarte_tx_in_progress  nrfx_uarte.o
    0x0002b870   0x0002b870   0x00000098   Code   RO           12    i.nus_data_handler  main.o
    0x0002b908   0x0002b908   0x00000018   Code   RO         5714    i.nvmc_config       system_nrf52.o
    0x0002b920   0x0002b920   0x00000024   Code   RO           13    i.on_adv_evt        main.o
    0x0002b944   0x0002b944   0x0000001c   Code   RO           14    i.on_conn_params_evt  main.o
    0x0002b960   0x0002b960   0x0000006a   Code   RO         1514    i.on_connect        ble_nus.o
    0x0002b9ca   0x0002b9ca   0x00000002   PAD
    0x0002b9cc   0x0002b9cc   0x000000ac   Code   RO         1382    i.on_exchange_mtu_request_evt  nrf_ble_gatt.o
    0x0002ba78   0x0002ba78   0x00000084   Code   RO         1515    i.on_write          ble_nus.o
    0x0002bafc   0x0002bafc   0x00000012   Code   RO          956    i.phy_is_valid      ble_advertising.o
    0x0002bb0e   0x0002bb0e   0x00000002   PAD
    0x0002bb10   0x0002bb10   0x0000001c   Code   RO         2112    i.pin_configured_set  nrfx_gpiote.o
    0x0002bb2c   0x0002bb2c   0x00000018   Code   RO         2113    i.pin_in_use_by_port  nrfx_gpiote.o
    0x0002bb44   0x0002bb44   0x00000018   Code   RO         2114    i.pin_in_use_by_te  nrfx_gpiote.o
    0x0002bb5c   0x0002bb5c   0x000000b4   Code   RO         2115    i.port_event_handle  nrfx_gpiote.o
    0x0002bc10   0x0002bc10   0x00000010   Code   RO         2116    i.port_handler_polarity_get  nrfx_gpiote.o
    0x0002bc20   0x0002bc20   0x0000003c   Code   RO         5170    i.postfix_process   nrf_log_str_formatter.o
    0x0002bc5c   0x0002bc5c   0x00000098   Code   RO         5171    i.prefix_process    nrf_log_str_formatter.o
    0x0002bcf4   0x0002bcf4   0x00000018   Code   RO         2379    i.prs_box_get       nrfx_prs.o
    0x0002bd0c   0x0002bd0c   0x0000005c   Code   RO         3549    i.rtc_irq           app_timer2.o
    0x0002bd68   0x0002bd68   0x0000006c   Code   RO         3550    i.rtc_schedule      app_timer2.o
    0x0002bdd4   0x0002bdd4   0x0000008c   Code   RO         3551    i.rtc_update        app_timer2.o
    0x0002be60   0x0002be60   0x00000032   Code   RO         2450    i.rx_byte           nrfx_uart.o
    0x0002be92   0x0002be92   0x00000016   Code   RO         2451    i.rx_done_event     nrfx_uart.o
    0x0002bea8   0x0002bea8   0x00000016   Code   RO         2637    i.rx_done_event     nrfx_uarte.o
    0x0002bebe   0x0002bebe   0x00000020   Code   RO         2452    i.rx_enable         nrfx_uart.o
    0x0002bede   0x0002bede   0x00000002   PAD
    0x0002bee0   0x0002bee0   0x0000007c   Code   RO           15    i.saadc_callback    main.o
    0x0002bf5c   0x0002bf5c   0x00000058   Code   RO           16    i.saadc_init        main.o
    0x0002bfb4   0x0002bfb4   0x0000001c   Code   RO           17    i.saadc_sampling_event_enable  main.o
    0x0002bfd0   0x0002bfd0   0x00000098   Code   RO           18    i.saadc_sampling_event_init  main.o
    0x0002c068   0x0002c068   0x00000058   Code   RO         1603    i.sd_state_evt_handler  nrf_drv_clock.o
    0x0002c0c0   0x0002c0c0   0x00000030   Code   RO         5505    i.sdh_request_observer_notify  nrf_sdh.o
    0x0002c0f0   0x0002c0f0   0x0000002c   Code   RO         5506    i.sdh_state_observer_notify  nrf_sdh.o
    0x0002c11c   0x0002c11c   0x00000010   Code   RO         1050    i.send_error_evt    ble_conn_params.o
    0x0002c12c   0x0002c12c   0x00000050   Code   RO         4839    i.serial_tx         nrf_log_backend_rtt.o
    0x0002c17c   0x0002c17c   0x00000088   Code   RO          849    i.service_data_encode  ble_advdata.o
    0x0002c204   0x0002c204   0x00000030   Code   RO         1317    i.set_security_req  ble_srv_common.o
    0x0002c234   0x0002c234   0x00000028   Code   RO           19    i.sleep_mode_enter  main.o
    0x0002c25c   0x0002c25c   0x00000018   Code   RO         1604    i.soc_evt_handler   nrf_drv_clock.o
    0x0002c274   0x0002c274   0x00000058   Code   RO         5508    i.softdevices_evt_irq_enable  nrf_sdh.o
    0x0002c2cc   0x0002c2cc   0x0000000c   Code   RO         3552    i.sortlist_pop      app_timer2.o
    0x0002c2d8   0x0002c2d8   0x00000030   Code   RO         3220    i.state_set         app_button.o
    0x0002c308   0x0002c308   0x00000098   Code   RO         5000    i.std_n             nrf_log_frontend.o
    0x0002c3a0   0x0002c3a0   0x00000098   Code   RO         3553    i.timer_expire      app_timer2.o
    0x0002c438   0x0002c438   0x00000002   Code   RO           20    i.timer_handler     main.o
    0x0002c43a   0x0002c43a   0x00000002   PAD
    0x0002c43c   0x0002c43c   0x00000080   Code   RO         3554    i.timer_req_process  app_timer2.o
    0x0002c4bc   0x0002c4bc   0x00000038   Code   RO         3555    i.timer_req_schedule  app_timer2.o
    0x0002c4f4   0x0002c4f4   0x00000018   Code   RO         3221    i.timer_start       app_button.o
    0x0002c50c   0x0002c50c   0x00000020   Code   RO         2453    i.tx_byte           nrfx_uart.o
    0x0002c52c   0x0002c52c   0x0000001a   Code   RO         2454    i.tx_done_event     nrfx_uart.o
    0x0002c546   0x0002c546   0x0000001a   Code   RO         2638    i.tx_done_event     nrfx_uarte.o
    0x0002c560   0x0002c560   0x00000078   Code   RO           21    i.uart_event_handle  main.o
    0x0002c5d8   0x0002c5d8   0x000000a4   Code   RO         3687    i.uart_event_handler  app_uart_fifo.o
    0x0002c67c   0x0002c67c   0x00000030   Code   RO         1742    i.uart_evt_handler  nrf_drv_uart.o
    0x0002c6ac   0x0002c6ac   0x0000012a   Code   RO         2455    i.uart_irq_handler  nrfx_uart.o
    0x0002c7d6   0x0002c7d6   0x00000002   PAD
    0x0002c7d8   0x0002c7d8   0x00000030   Code   RO         1743    i.uarte_evt_handler  nrf_drv_uart.o
    0x0002c808   0x0002c808   0x00000112   Code   RO         2639    i.uarte_irq_handler  nrfx_uarte.o
    0x0002c91a   0x0002c91a   0x0000000a   Code   RO          850    i.uint16_encode     ble_advdata.o
    0x0002c924   0x0002c924   0x000000b4   Code   RO         4387    i.unsigned_print    nrf_fprintf_format.o
    0x0002c9d8   0x0002c9d8   0x00000068   Code   RO         1051    i.update_timeout_handler  ble_conn_params.o
    0x0002ca40   0x0002ca40   0x00000018   Code   RO          957    i.use_whitelist     ble_advertising.o
    0x0002ca58   0x0002ca58   0x00000024   Code   RO         1473    i.user_mem_reply    nrf_ble_qwr.o
    0x0002ca7c   0x0002ca7c   0x00000020   Code   RO         3222    i.usr_event         app_button.o
    0x0002ca9c   0x0002ca9c   0x00000030   Code   RO          851    i.uuid_list_encode  ble_advdata.o
    0x0002cacc   0x0002cacc   0x0000009e   Code   RO          852    i.uuid_list_sized_encode  ble_advdata.o
    0x0002cb6a   0x0002cb6a   0x0000003a   Code   RO          632    i.wakeup_button_cfg  bsp.o
    0x0002cba4   0x0002cba4   0x00000035   Data   RO           23    .constdata          main.o
    0x0002cbd9   0x0002cbd9   0x00000008   Data   RO          519    .constdata          boards.o
    0x0002cbe1   0x0002cbe1   0x00000003   PAD
    0x0002cbe4   0x0002cbe4   0x0000002c   Data   RO          634    .constdata          bsp.o
    0x0002cc10   0x0002cc10   0x00000016   Data   RO         1383    .constdata          nrf_ble_gatt.o
    0x0002cc26   0x0002cc26   0x00000002   PAD
    0x0002cc28   0x0002cc28   0x00000010   Data   RO         1516    .constdata          ble_nus.o
    0x0002cc38   0x0002cc38   0x00000004   Data   RO         2118    .constdata          nrfx_gpiote.o
    0x0002cc3c   0x0002cc3c   0x00000004   Data   RO         2458    .constdata          nrfx_uart.o
    0x0002cc40   0x0002cc40   0x00000004   Data   RO         2642    .constdata          nrfx_uarte.o
    0x0002cc44   0x0002cc44   0x00000008   Data   RO         3224    .constdata          app_button.o
    0x0002cc4c   0x0002cc4c   0x00000014   Data   RO         3558    .constdata          app_timer2.o
    0x0002cc60   0x0002cc60   0x00000020   Data   RO         3689    .constdata          app_uart_fifo.o
    0x0002cc80   0x0002cc80   0x00000006   Data   RO         3848    .constdata          drv_rtc.o
    0x0002cc86   0x0002cc86   0x00000010   Data   RO         4388    .constdata          nrf_fprintf_format.o
    0x0002cc96   0x0002cc96   0x00000002   PAD
    0x0002cc98   0x0002cc98   0x00000018   Data   RO         4508    .constdata          nrf_pwr_mgmt.o
    0x0002ccb0   0x0002ccb0   0x0000000c   Data   RO         4509    .constdata          nrf_pwr_mgmt.o
    0x0002ccbc   0x0002ccbc   0x0000013c   Data   RO         4731    .constdata          nrf_strerror.o
    0x0002cdf8   0x0002cdf8   0x0000000c   Data   RO         4841    .constdata          nrf_log_backend_rtt.o
    0x0002ce04   0x0002ce04   0x0000000c   PAD
    0x0002ce10   0x0002ce10   0x00000006   Data   RO         4842    .constdata          nrf_log_backend_rtt.o
    0x0002ce16   0x0002ce16   0x00000002   PAD
    0x0002ce18   0x0002ce18   0x0000000c   Data   RO         5005    .constdata          nrf_log_frontend.o
    0x0002ce24   0x0002ce24   0x00000010   Data   RO         5509    .constdata          nrf_sdh.o
    0x0002ce34   0x0002ce34   0x00000028   Data   RO         5510    .constdata          nrf_sdh.o
    0x0002ce5c   0x0002ce5c   0x00000010   Data   RO         5511    .constdata          nrf_sdh.o
    0x0002ce6c   0x0002ce6c   0x00000010   Data   RO         5512    .constdata          nrf_sdh.o
    0x0002ce7c   0x0002ce7c   0x00000020   Data   RO         5620    .constdata          nrf_sdh_ble.o
    0x0002ce9c   0x0002ce9c   0x00000010   Data   RO         5621    .constdata          nrf_sdh_ble.o
    0x0002ceac   0x0002ceac   0x00000010   Data   RO         5671    .constdata          nrf_sdh_soc.o
    0x0002cebc   0x0002cebc   0x0000000c   Data   RO         5672    .constdata          nrf_sdh_soc.o
    0x0002cec8   0x0002cec8   0x00000081   Data   RO         5783    .constdata          mc_w.l(ctype_o.o)
    0x0002cf49   0x0002cf49   0x00000003   PAD
    0x0002cf4c   0x0002cf4c   0x00000004   Data   RO         5784    .constdata          mc_w.l(ctype_o.o)
    0x0002cf50   0x0002cf50   0x000000a2   Data   RO         1384    .conststring        nrf_ble_gatt.o
    0x0002cff2   0x0002cff2   0x00000002   PAD
    0x0002cff4   0x0002cff4   0x000003eb   Data   RO         4732    .conststring        nrf_strerror.o
    0x0002d3df   0x0002d3df   0x00000001   PAD
    0x0002d3e0   0x0002d3e0   0x00000066   Data   RO         5172    .conststring        nrf_log_str_formatter.o
    0x0002d446   0x0002d446   0x00000002   PAD
    0x0002d448   0x0002d448   0x000001cf   Data   RO         5622    .conststring        nrf_sdh_ble.o
    0x0002d617   0x0002d617   0x00000001   PAD
    0x0002d618   0x0002d618   0x0000000d   Data   RO         1385    .conststrlit        nrf_ble_gatt.o
    0x0002d625   0x0002d625   0x00000003   PAD
    0x0002d628   0x0002d628   0x00000008   Data   RO         1517    .conststrlit        ble_nus.o
    0x0002d630   0x0002d630   0x00000006   Data   RO         1610    .conststrlit        nrf_drv_clock.o
    0x0002d636   0x0002d636   0x00000002   PAD
    0x0002d638   0x0002d638   0x00000006   Data   RO         1949    .conststrlit        nrfx_clock.o
    0x0002d63e   0x0002d63e   0x00000002   PAD
    0x0002d640   0x0002d640   0x00000007   Data   RO         2122    .conststrlit        nrfx_gpiote.o
    0x0002d647   0x0002d647   0x00000001   PAD
    0x0002d648   0x0002d648   0x00000004   Data   RO         2381    .conststrlit        nrfx_prs.o
    0x0002d64c   0x0002d64c   0x00000005   Data   RO         2461    .conststrlit        nrfx_uart.o
    0x0002d651   0x0002d651   0x00000003   PAD
    0x0002d654   0x0002d654   0x00000006   Data   RO         2645    .conststrlit        nrfx_uarte.o
    0x0002d65a   0x0002d65a   0x00000002   PAD
    0x0002d65c   0x0002d65c   0x00000004   Data   RO         2809    .conststrlit        nrfx_ppi.o
    0x0002d660   0x0002d660   0x00000006   Data   RO         2959    .conststrlit        nrfx_saadc.o
    0x0002d666   0x0002d666   0x00000002   PAD
    0x0002d668   0x0002d668   0x00000006   Data   RO         3101    .conststrlit        nrfx_timer.o
    0x0002d66e   0x0002d66e   0x00000002   PAD
    0x0002d670   0x0002d670   0x0000000b   Data   RO         3225    .conststrlit        app_button.o
    0x0002d67b   0x0002d67b   0x00000001   PAD
    0x0002d67c   0x0002d67c   0x0000000a   Data   RO         3559    .conststrlit        app_timer2.o
    0x0002d686   0x0002d686   0x00000002   PAD
    0x0002d688   0x0002d688   0x00000009   Data   RO         4510    .conststrlit        nrf_pwr_mgmt.o
    0x0002d691   0x0002d691   0x00000003   PAD
    0x0002d694   0x0002d694   0x00000009   Data   RO         4678    .conststrlit        nrf_sortlist.o
    0x0002d69d   0x0002d69d   0x00000003   PAD
    0x0002d6a0   0x0002d6a0   0x00000010   Data   RO         4939    .conststrlit        nrf_log_default_backends.o
    0x0002d6b0   0x0002d6b0   0x00000004   Data   RO         5006    .conststrlit        nrf_log_frontend.o
    0x0002d6b4   0x0002d6b4   0x00000008   Data   RO         5513    .conststrlit        nrf_sdh.o
    0x0002d6bc   0x0002d6bc   0x0000000c   Data   RO         5623    .conststrlit        nrf_sdh_ble.o
    0x0002d6c8   0x0002d6c8   0x0000000c   Data   RO         5673    .conststrlit        nrf_sdh_soc.o
    0x0002d6d4   0x0002d6d4   0x00000020   Data   RO         6118    Region$$Table       anon$$obj.o
    0x0002d6f4   0x0002d6f4   0x00000010   Data   RO         4941    log_backends        nrf_log_default_backends.o
    0x0002d704   0x0002d704   0x00000008   Data   RO         1386    log_const_data      nrf_ble_gatt.o
    0x0002d70c   0x0002d70c   0x00000008   Data   RO         1518    log_const_data      ble_nus.o
    0x0002d714   0x0002d714   0x00000008   Data   RO         1611    log_const_data      nrf_drv_clock.o
    0x0002d71c   0x0002d71c   0x00000008   Data   RO         1951    log_const_data      nrfx_clock.o
    0x0002d724   0x0002d724   0x00000008   Data   RO         2123    log_const_data      nrfx_gpiote.o
    0x0002d72c   0x0002d72c   0x00000008   Data   RO         2383    log_const_data      nrfx_prs.o
    0x0002d734   0x0002d734   0x00000008   Data   RO         2462    log_const_data      nrfx_uart.o
    0x0002d73c   0x0002d73c   0x00000008   Data   RO         2646    log_const_data      nrfx_uarte.o
    0x0002d744   0x0002d744   0x00000008   Data   RO         2811    log_const_data      nrfx_ppi.o
    0x0002d74c   0x0002d74c   0x00000008   Data   RO         2960    log_const_data      nrfx_saadc.o
    0x0002d754   0x0002d754   0x00000008   Data   RO         3102    log_const_data      nrfx_timer.o
    0x0002d75c   0x0002d75c   0x00000008   Data   RO         3228    log_const_data      app_button.o
    0x0002d764   0x0002d764   0x00000008   Data   RO         3562    log_const_data      app_timer2.o
    0x0002d76c   0x0002d76c   0x00000008   Data   RO         4512    log_const_data      nrf_pwr_mgmt.o
    0x0002d774   0x0002d774   0x00000008   Data   RO         4679    log_const_data      nrf_sortlist.o
    0x0002d77c   0x0002d77c   0x00000008   Data   RO         5010    log_const_data      nrf_log_frontend.o
    0x0002d784   0x0002d784   0x00000008   Data   RO         5515    log_const_data      nrf_sdh.o
    0x0002d78c   0x0002d78c   0x00000008   Data   RO         5625    log_const_data      nrf_sdh_ble.o
    0x0002d794   0x0002d794   0x00000008   Data   RO         5674    log_const_data      nrf_sdh_soc.o
    0x0002d79c   0x0002d79c   0x00000014   Data   RO         5011    nrf_balloc          nrf_log_frontend.o
    0x0002d7b0   0x0002d7b0   0x00000008   Data   RO         1140    sdh_ble_observers0  ble_conn_state.o
    0x0002d7b8   0x0002d7b8   0x00000010   Data   RO           28    sdh_ble_observers1  main.o
    0x0002d7c8   0x0002d7c8   0x00000008   Data   RO          740    sdh_ble_observers1  bsp_btn_ble.o
    0x0002d7d0   0x0002d7d0   0x00000008   Data   RO         1054    sdh_ble_observers1  ble_conn_params.o
    0x0002d7d8   0x0002d7d8   0x00000010   Data   RO           29    sdh_ble_observers2  main.o
    0x0002d7e8   0x0002d7e8   0x00000008   Data   RO           30    sdh_ble_observers3  main.o
    0x0002d7f0   0x0002d7f0   0x00000008   Data   RO         1612    sdh_soc_observers0  nrf_drv_clock.o
    0x0002d7f8   0x0002d7f8   0x00000008   Data   RO         5626    sdh_stack_observers0  nrf_sdh_ble.o
    0x0002d800   0x0002d800   0x00000008   Data   RO         5675    sdh_stack_observers0  nrf_sdh_soc.o
    0x0002d808   0x0002d808   0x00000008   Data   RO         1613    sdh_state_observers0  nrf_drv_clock.o


    Execution Region RW_IRAM1 (Exec base: 0x20002ad8, Load base: 0x0002d810, Size: 0x00003410, Max: 0x0000d528, ABSOLUTE, COMPRESSED[0x00000068])

    Exec Addr    Load Addr    Size         Type   Attr      Idx    E Section Name        Object

    0x20002ad8   COMPRESSED   0x00000008   Data   RW           24    .data               main.o
    0x20002ae0   COMPRESSED   0x00000028   Data   RW           25    .data               main.o
    0x20002b08   COMPRESSED   0x00000004   Data   RW           27    .data               main.o
    0x20002b0c   COMPRESSED   0x00000010   Data   RW          635    .data               bsp.o
    0x20002b1c   COMPRESSED   0x00000004   PAD
    0x20002b20   COMPRESSED   0x00000020   Data   RW          636    .data               bsp.o
    0x20002b40   COMPRESSED   0x00000020   Data   RW          637    .data               bsp.o
    0x20002b60   COMPRESSED   0x00000020   Data   RW          638    .data               bsp.o
    0x20002b80   COMPRESSED   0x00000008   Data   RW          739    .data               bsp_btn_ble.o
    0x20002b88   COMPRESSED   0x00000008   Data   RW         1053    .data               ble_conn_params.o
    0x20002b90   COMPRESSED   0x0000000c   Data   RW         1744    .data               nrf_drv_uart.o
    0x20002b9c   COMPRESSED   0x00000008   Data   RW         1950    .data               nrfx_clock.o
    0x20002ba4   COMPRESSED   0x00000008   Data   RW         2382    .data               nrfx_prs.o
    0x20002bac   COMPRESSED   0x00000008   Data   RW         2810    .data               nrfx_ppi.o
    0x20002bb4   COMPRESSED   0x00000004   PAD
    0x20002bb8   COMPRESSED   0x00000018   Data   RW         3226    .data               app_button.o
    0x20002bd0   COMPRESSED   0x00000020   Data   RW         3227    .data               app_button.o
    0x20002bf0   COMPRESSED   0x00000020   Data   RW         3560    .data               app_timer2.o
    0x20002c10   COMPRESSED   0x00000004   Data   RW         3561    .data               app_timer2.o
    0x20002c14   COMPRESSED   0x0000001c   Data   RW         3690    .data               app_uart_fifo.o
    0x20002c30   COMPRESSED   0x0000000c   Data   RW         3849    .data               drv_rtc.o
    0x20002c3c   COMPRESSED   0x00000008   Data   RW         4511    .data               nrf_pwr_mgmt.o
    0x20002c44   COMPRESSED   0x00000004   Data   RW         4764    .data               retarget.o
    0x20002c48   COMPRESSED   0x00000001   Data   RW         4802    .data               nrf_drv_ppi.o
    0x20002c49   COMPRESSED   0x00000001   Data   RW         4843    .data               nrf_log_backend_rtt.o
    0x20002c4a   COMPRESSED   0x00000002   PAD
    0x20002c4c   COMPRESSED   0x00000008   Data   RW         4940    .data               nrf_log_default_backends.o
    0x20002c54   COMPRESSED   0x00000004   Data   RW         5007    .data               nrf_log_frontend.o
    0x20002c58   COMPRESSED   0x00000008   Data   RW         5008    .data               nrf_log_frontend.o
    0x20002c60   COMPRESSED   0x00000008   Data   RW         5009    .data               nrf_log_frontend.o
    0x20002c68   COMPRESSED   0x00000040   Data   RW         5173    .data               nrf_log_str_formatter.o
    0x20002ca8   COMPRESSED   0x00000003   Data   RW         5514    .data               nrf_sdh.o
    0x20002cab   COMPRESSED   0x00000001   Data   RW         5624    .data               nrf_sdh_ble.o
    0x20002cac   COMPRESSED   0x00000004   Data   RW         5716    .data               system_nrf52.o
    0x20002cb0        -       0x00000770   Zero   RW           22    .bss                main.o
    0x20003420        -       0x0000000c   Zero   RW          633    .bss                bsp.o
    0x2000342c   COMPRESSED   0x00000004   PAD
    0x20003430        -       0x00000050   Zero   RW         1052    .bss                ble_conn_params.o
    0x20003480        -       0x0000007c   Zero   RW         1139    .bss                ble_conn_state.o
    0x200034fc        -       0x00000014   Zero   RW         1605    .bss                nrf_drv_clock.o
    0x20003510        -       0x0000005c   Zero   RW         2117    .bss                nrfx_gpiote.o
    0x2000356c        -       0x0000002c   Zero   RW         2456    .bss                nrfx_uart.o
    0x20003598        -       0x00000024   Zero   RW         2640    .bss                nrfx_uarte.o
    0x200035bc        -       0x00000030   Zero   RW         2950    .bss                nrfx_saadc.o
    0x200035ec        -       0x0000000c   Zero   RW         3099    .bss                nrfx_timer.o
    0x200035f8        -       0x00000010   Zero   RW         3223    .bss                app_button.o
    0x20003608        -       0x00000010   Zero   RW         3556    .bss                app_timer2.o
    0x20003618        -       0x00000058   Zero   RW         3557    .bss                app_timer2.o
    0x20003670        -       0x00000020   Zero   RW         3688    .bss                app_uart_fifo.o
    0x20003690        -       0x0000000c   Zero   RW         3763    .bss                app_util_platform.o
    0x2000369c        -       0x0000000c   Zero   RW         4507    .bss                nrf_pwr_mgmt.o
    0x200036a8        -       0x00000040   Zero   RW         4840    .bss                nrf_log_backend_rtt.o
    0x200036e8        -       0x000000c0   Zero   RW         5001    .bss                nrf_log_frontend.o
    0x200037a8        -       0x00000080   Zero   RW         5002    .bss                nrf_log_frontend.o
    0x20003828        -       0x00000018   Zero   RW         5003    .bss                nrf_log_frontend.o
    0x20003840        -       0x00000420   Zero   RW         5004    .bss                nrf_log_frontend.o
    0x20003c60        -       0x00000288   Zero   RW         5267    .bss                segger_rtt.o
    0x20003ee8        -       0x00002000   Zero   RW         5702    STACK               arm_startup_nrf52.o


==============================================================================

Image component sizes


      Code (inc. data)   RO Data    RW Data    ZI Data      Debug   Object Name

       664         66         27         56         16      17870   app_button.o
        22          0          0          0          0       2541   app_error.o
       132         46          0          0          0      34193   app_error_weak.o
       118          0          0          0          0       5054   app_fifo.o
      1052         90         38         36        104      17261   app_timer2.o
       528         60         32         28         32      16174   app_uart_fifo.o
       124         14          0          0         12      10762   app_util_platform.o
        36          8        512          0       8192        936   arm_startup_nrf52.o
      1338          0          0          0          0      53524   ble_advdata.o
      1076          6          0          0          0      11107   ble_advertising.o
       636         44          8          8         80       9379   ble_conn_params.o
       390         10          8          0        124       7751   ble_conn_state.o
        72          0          0          0          0       1660   ble_link_ctx_manager.o
       672          6         32          0          0       7000   ble_nus.o
       456          6          0          0          0       3395   ble_srv_common.o
       358         40          8          0          0      14507   boards.o
       998         84         44        112         12      16107   bsp.o
       252         10          8          8          0       4848   bsp_btn_ble.o
       704         76          6         12          0      48173   drv_rtc.o
      1810        364         93         52       1904     218661   main.o
       326          0          0          0          0       5991   nrf_atfifo.o
        64          0          0          0          0       3064   nrf_atflags.o
       306          0          0          0          0       8095   nrf_atomic.o
       164          0          0          0          0       3656   nrf_balloc.o
       814        210        205          0          0      37357   nrf_ble_gatt.o
       276          0          0          0          0       4733   nrf_ble_qwr.o
       312         36         30          0         20      43784   nrf_drv_clock.o
        24          6          0          1          0        979   nrf_drv_ppi.o
       200         26          0         12          0      17892   nrf_drv_uart.o
        50          0          0          0          0       3557   nrf_fprintf.o
       850          4         16          0          0       6566   nrf_fprintf_format.o
       112         18         18          1         64       6189   nrf_log_backend_rtt.o
       194          0          0          0          0      10957   nrf_log_backend_serial.o
        28          4         32          8          0       3361   nrf_log_default_backends.o
      1480        128         44         20       1400      30629   nrf_log_frontend.o
       570        108        102         64          0       5700   nrf_log_str_formatter.o
       346          0          0          0          0       9635   nrf_memobj.o
       108         16         53          8         12      41058   nrf_pwr_mgmt.o
        28          0          0          0          0       2387   nrf_ringbuf.o
       384         46        104          3          0      42891   nrf_sdh.o
       724        232        539          1          0       5965   nrf_sdh_ble.o
        60          4         56          0          0       2492   nrf_sdh_soc.o
        78          0          0          0          0       2804   nrf_section_iter.o
        84          0         17          0          0       4153   nrf_sortlist.o
        76         10       1319          0          0       2771   nrf_strerror.o
       242         32         14          8          0      47248   nrfx_clock.o
      1268        106         19          0         92      66057   nrfx_gpiote.o
       286         22         12          8          0      11949   nrfx_ppi.o
        94         16         12          8          0       3801   nrfx_prs.o
       912         74         14          0         48      19303   nrfx_saadc.o
       412         18         14          0         12      14532   nrfx_timer.o
      1368         38         17          0         44      30725   nrfx_uart.o
      1290         36         18          0         36      25355   nrfx_uarte.o
        14          0          0          4          0       2898   retarget.o
       378         34          0          0        648       9061   segger_rtt.o
       752         78          0          4          0      32381   system_nrf52.o

    ----------------------------------------------------------------------
     26176       2232       3556        472      12856    1070879   Object Totals
         0          0         32          0          0          0   (incl. Generated)
        64          0         53         10          4          0   (incl. Padding)

    ----------------------------------------------------------------------

      Code (inc. data)   RO Data    RW Data    ZI Data      Debug   Library Member Name

        86          0          0          0          0          0   __dczerorl2.o
         8          4        133          0          0         68   ctype_o.o
         0          0          0          0          0          0   entry.o
         0          0          0          0          0          0   entry10a.o
         0          0          0          0          0          0   entry11a.o
         4          0          0          0          0          0   entry12b.o
         8          4          0          0          0          0   entry2.o
         4          0          0          0          0          0   entry5.o
         0          0          0          0          0          0   entry7b.o
         0          0          0          0          0          0   entry8b.o
         8          4          0          0          0          0   entry9a.o
        30          0          0          0          0          0   handlers.o
        36          8          0          0          0         68   init.o
        30          0          0          0          0         68   llshl.o
        32          0          0          0          0         68   llushr.o
        36          0          0          0          0         68   memcpya.o
        36          0          0          0          0        108   memseta.o
       372         14          0          0          0        184   printf1.o
        18          0          0          0          0         68   strcpy.o
        14          0          0          0          0         68   strlen.o
        44          0          0          0          0         80   uidiv.o
        98          0          0          0          0         92   uldiv.o

    ----------------------------------------------------------------------
       868         34        136          0          0        940   Library Totals
         4          0          3          0          0          0   (incl. Padding)

    ----------------------------------------------------------------------

      Code (inc. data)   RO Data    RW Data    ZI Data      Debug   Library Name

       864         34        133          0          0        940   mc_w.l

    ----------------------------------------------------------------------
       868         34        136          0          0        940   Library Totals

    ----------------------------------------------------------------------

==============================================================================


      Code (inc. data)   RO Data    RW Data    ZI Data      Debug   

     27044       2266       3692        472      12856    1037839   Grand Totals
     27044       2266       3692        104      12856    1037839   ELF Image Totals (compressed)
     27044       2266       3692        104          0          0   ROM Totals

==============================================================================

    Total RO  Size (Code + RO Data)                30736 (  30.02kB)
    Total RW  Size (RW Data + ZI Data)             13328 (  13.02kB)
    Total ROM Size (Code + RO Data + RW Data)      30840 (  30.12kB)

==============================================================================

